MPLINK 4.49, Linker
Linker Map File - Created Mon Sep 11 17:28:19 2023

                                 Section Info
                  Section       Type    Address   Location Size(Bytes)
                ---------  ---------  ---------  ---------  ---------
                   .cinit    romdata   0x000000    program   0x000002
                   .org_0       code   0x000800    program   0x0000f0



                              Program Memory Usage 
                               Start         End      
                           ---------   ---------      
                            0x000000    0x000001      
                            0x000800    0x0008ef      
            242 out of 33048 program addresses used, program memory utilization is 0%



                              Symbols - Sorted by Name
                     Name    Address   Location    Storage File                     
                ---------  ---------  ---------  --------- ---------                
                     Init   0x000820    program     static A:\OneDrive\School\College\Junior\Fa23\Emb Sys\asm\ece376hw3\problem5.asm
                     Loop   0x000804    program     static A:\OneDrive\School\College\Junior\Fa23\Emb Sys\asm\ece376hw3\problem5.asm
                    Loop0   0x0008d4    program     static A:\OneDrive\School\College\Junior\Fa23\Emb Sys\asm\ece376hw3\problem5.asm
                    Loop1   0x0008d0    program     static A:\OneDrive\School\College\Junior\Fa23\Emb Sys\asm\ece376hw3\problem5.asm
                       S0   0x00083c    program     static A:\OneDrive\School\College\Junior\Fa23\Emb Sys\asm\ece376hw3\problem5.asm
                       S1   0x000848    program     static A:\OneDrive\School\College\Junior\Fa23\Emb Sys\asm\ece376hw3\problem5.asm
                       S2   0x0008a4    program     static A:\OneDrive\School\College\Junior\Fa23\Emb Sys\asm\ece376hw3\problem5.asm
                       S3   0x0008c0    program     static A:\OneDrive\School\College\Junior\Fa23\Emb Sys\asm\ece376hw3\problem5.asm
                     Wait   0x0008cc    program     static A:\OneDrive\School\College\Junior\Fa23\Emb Sys\asm\ece376hw3\problem5.asm



                              Symbols - Sorted by Address
                     Name    Address   Location    Storage File                     
                ---------  ---------  ---------  --------- ---------                
                     Loop   0x000804    program     static A:\OneDrive\School\College\Junior\Fa23\Emb Sys\asm\ece376hw3\problem5.asm
                     Init   0x000820    program     static A:\OneDrive\School\College\Junior\Fa23\Emb Sys\asm\ece376hw3\problem5.asm
                       S0   0x00083c    program     static A:\OneDrive\School\College\Junior\Fa23\Emb Sys\asm\ece376hw3\problem5.asm
                       S1   0x000848    program     static A:\OneDrive\School\College\Junior\Fa23\Emb Sys\asm\ece376hw3\problem5.asm
                       S2   0x0008a4    program     static A:\OneDrive\School\College\Junior\Fa23\Emb Sys\asm\ece376hw3\problem5.asm
                       S3   0x0008c0    program     static A:\OneDrive\School\College\Junior\Fa23\Emb Sys\asm\ece376hw3\problem5.asm
                     Wait   0x0008cc    program     static A:\OneDrive\School\College\Junior\Fa23\Emb Sys\asm\ece376hw3\problem5.asm
                    Loop1   0x0008d0    program     static A:\OneDrive\School\College\Junior\Fa23\Emb Sys\asm\ece376hw3\problem5.asm
                    Loop0   0x0008d4    program     static A:\OneDrive\School\College\Junior\Fa23\Emb Sys\asm\ece376hw3\problem5.asm


