------------------------------------------------------------
Timing Analyzer Summary
------------------------------------------------------------

Type  : Slow 1200mV 85C Model Setup 'clock'
Slack : -2.743
TNS   : -85.615

Type  : Slow 1200mV 85C Model Hold 'clock'
Slack : 0.440
TNS   : 0.000

Type  : Slow 1200mV 85C Model Recovery 'clock'
Slack : -3.558
TNS   : -28.324

Type  : Slow 1200mV 85C Model Removal 'clock'
Slack : 1.912
TNS   : 0.000

Type  : Slow 1200mV 85C Model Minimum Pulse Width 'clock'
Slack : -3.000
TNS   : -83.955

Type  : Slow 1200mV 0C Model Setup 'clock'
Slack : -2.383
TNS   : -73.297

Type  : Slow 1200mV 0C Model Hold 'clock'
Slack : 0.387
TNS   : 0.000

Type  : Slow 1200mV 0C Model Recovery 'clock'
Slack : -3.127
TNS   : -24.960

Type  : Slow 1200mV 0C Model Removal 'clock'
Slack : 1.710
TNS   : 0.000

Type  : Slow 1200mV 0C Model Minimum Pulse Width 'clock'
Slack : -3.000
TNS   : -83.955

Type  : Fast 1200mV 0C Model Setup 'clock'
Slack : -0.832
TNS   : -16.135

Type  : Fast 1200mV 0C Model Hold 'clock'
Slack : 0.201
TNS   : 0.000

Type  : Fast 1200mV 0C Model Recovery 'clock'
Slack : -1.216
TNS   : -9.696

Type  : Fast 1200mV 0C Model Removal 'clock'
Slack : 0.902
TNS   : 0.000

Type  : Fast 1200mV 0C Model Minimum Pulse Width 'clock'
Slack : -3.000
TNS   : -73.660

------------------------------------------------------------
