HI-TECH Software C Compiler 

Linker command line:

\
  --edf=C:\Program Files (x86)\HI-TECH Software\PICC-18\PRO\9.63\dat\en_msgs.txt \
  -cs -h+neo.sym -z -Q18F4620 -ol.obj -Mneo.map -E1 -ACODE=0800h-0FFFFh \
  -ACONST=00h-0FFFFh -ASMALLCONST=01000h-010FFhx240 \
  -AMEDIUMCONST=01000h-0FFFFh -ARAM=00h-0FFhx15,0F00h-0F7Fh \
  -ABIGRAM=00h-0F7Fh -ACOMRAM=00h-07Fh -AABS1=00h-0F7Fh -ABANK0=00h-0FFh \
  -ABANK1=0100h-01FFh -ABANK2=0200h-02FFh -ABANK3=0300h-03FFh \
  -ABANK4=0400h-04FFh -ABANK5=0500h-05FFh -ABANK6=0600h-06FFh \
  -ABANK7=0700h-07FFh -ABANK8=0800h-08FFh -ABANK9=0900h-09FFh \
  -ABANK10=0A00h-0AFFh -ABANK11=0B00h-0BFFh -ABANK12=0C00h-0CFFh \
  -ABANK13=0D00h-0DFFh -ABANK14=0E00h-0EFFh -ABANK15=0F00h-0F7Fh \
  -ANVRAM=0F00h-0F7Fh \
  -preset_vec=0800h,intcode,intcodelo,powerup,init,end_init -pramtop=01000h \
  -psmallconst=SMALLCONST -pmediumconst=MEDIUMCONST -pconst=CONST \
  -pparam1=BANK1 -AFARRAM=00h-00h -ACONFIG=0300000h-030000Dh \
  -pconfig=CONFIG -AIDLOC=0200000h-0200007h -pidloc=IDLOC \
  -AEEDATA=0F00000h-0F003FFh -peeprom_data=EEDATA \
  -prdata=COMRAM,nvrram=COMRAM,nvbit=COMRAM,rbss=COMRAM,rbit=COMRAM \
  -pfarbss=FARRAM,fardata=FARRAM \
  -pintsave_regs=BIGRAM,bigbss=BIGRAM,bigdata=BIGRAM -pbss=RAM \
  -pidata=CODE,irdata=CODE,ibigdata=CODE,ifardata=CODE \
  C:\Users\Reds2\AppData\Local\Temp\s1akk.obj neo.obj 

Object code version is 3.10

Machine type is 18F4620

Call graph: (short form)

*_main size 0,9 offset 0
     _LCD_Init size 0,1 offset 9
         _LCD_Inst size 1,1 offset 11
             _LCD_Strobe size 0,0 offset 29
                 _LCD_Pause size 0,2 offset 29
             _Wait_ms size 2,4 offset 13
         _Wait_ms size 2,4 offset 13
     _LCD_Move size 2,0 offset 9
         _LCD_Inst size 1,1 offset 11
     _LCD_Write size 1,1 offset 27
         _LCD_Strobe size 0,0 offset 29
     _Wait_ms size 2,4 offset 13
     _ReadKey size 0,2 offset 9
         _GetKey size 0,4 offset 11
         _Wait_ms size 2,4 offset 13
     ___awdiv size 4,5 offset 9
*    _LCD_Out size 6,12 offset 9
         _LCD_Write size 1,1 offset 27
         ___almod size 8,3 offset 27
*        ___aldiv size 8,7 offset 27
     _NeoPixel_Display size 3,0 offset 9

Estimated maximum call depth: 4


                Name          Link     Load   Length Selector Space Scale
C:\Users\Reds2\AppData\Local\Temp\s1akk.obj
                end_init       80C      80C       12     400     0
                init           800      800        C     400     0
neo.obj         smallcons     1000     1000       2A     800     0
                text11        1E2C     1E2C       3C     815     0
                text12        1ED8     1ED8       14     815     0
                text9         1366     1366      294     815     0
                text10        1D92     1D92       4E     815     0
                text13        1D14     1D14       7E     815     0
                text14        1EA2     1EA2       36     815     0
                text8         17BE     17BE      188     815     0
                text1         1ACE     1ACE      130     815     0
                text2         1946     1946      188     815     0
                text0         102A     102A      33C     815     0
                text3         1C90     1C90       84     815     0
                text6         1DE0     1DE0       4C     815     0
                text7         15FA     15FA      1C4     815     0
                text4         1BFE     1BFE       92     815     0
                text5         1E68     1E68       3A     815     0

COMMON          param1         100      100       2A     100     1

TOTAL           Name          Link     Load   Length  Space
        CLASS   CODE           
                end_init       80C      80C       12     0
                init           800      800        C     0
                text11        1E2C     1E2C       3C     0
                text12        1ED8     1ED8       14     0
                text9         1366     1366      294     0
                text10        1D92     1D92       4E     0
                text13        1D14     1D14       7E     0
                text14        1EA2     1EA2       36     0
                text8         17BE     17BE      188     0
                text1         1ACE     1ACE      130     0
                text2         1946     1946      188     0
                text0         102A     102A      33C     0
                text3         1C90     1C90       84     0
                text6         1DE0     1DE0       4C     0
                text7         15FA     15FA      1C4     0
                text4         1BFE     1BFE       92     0
                text5         1E68     1E68       3A     0

        CLASS   CONST          

        CLASS   SMALLCONST     
                smallcons     1000     1000       2A     0

        CLASS   MEDIUMCONST    

        CLASS   RAM            

        CLASS   BIGRAM         

        CLASS   COMRAM         

        CLASS   ABS1           
                abs_s1           0        0        1     1

        CLASS   BANK0          

        CLASS   BANK1          
                param1         100      100       2A     1

        CLASS   BANK2          

        CLASS   BANK3          

        CLASS   BANK4          

        CLASS   BANK5          

        CLASS   BANK6          

        CLASS   BANK7          

        CLASS   BANK8          

        CLASS   BANK9          

        CLASS   BANK10         

        CLASS   BANK11         

        CLASS   BANK12         

        CLASS   BANK13         

        CLASS   BANK14         

        CLASS   BANK15         

        CLASS   NVRAM          

        CLASS   FARRAM         

        CLASS   CONFIG         

        CLASS   IDLOC          

        CLASS   EEDATA         



SEGMENTS        Name           Load    Length   Top     Selector    Space Class

                param1          000100  00002A  00012A       100       1  BANK1   
                reset_vec       000800  00001E  00081E       400       0  CODE    
                smallconst      001000  00002A  00102A       800       0  SMALLCON
                idata           00102A  000EC2  001EEC       815       0  CODE    


UNUSED ADDRESS RANGES

        BANK0            000001-0000FF
        BANK1            00012A-0001FF
        BANK10           000A00-000AFF
        BANK11           000B00-000BFF
        BANK12           000C00-000CFF
        BANK13           000D00-000DFF
        BANK14           000E00-000EFF
        BANK15           000F00-000F7F
        BANK2            000200-0002FF
        BANK3            000300-0003FF
        BANK4            000400-0004FF
        BANK5            000500-0005FF
        BANK6            000600-0006FF
        BANK7            000700-0007FF
        BANK8            000800-0008FF
        BANK9            000900-0009FF
        BIGRAM           000001-0000FF
                         00012A-000F7F
        CODE             00081E-000FFF
                         001EEC-00FFFF
        COMRAM           000001-00007F
        CONFIG           300000-30000D
        CONST            000000-0007FF
                         00081E-000FFF
                         001EEC-00FFFF
        EEDATA           F00000-F003FF
        FARRAM           000000-000000
        IDLOC            200000-200007
        MEDIUMCONST      001EEC-00FFFF
        NVRAM            000F00-000F7F
        RAM              000001-0000FF
                         00012A-000F7F
        SMALLCONST       001EEC-00FFFF

                                  Symbol Table

??_GetKey                 param1       00010B
??_LCD_Init               param1       000109
??_LCD_Inst               param1       00010C
??_LCD_Move               param1       00010B
??_LCD_Out                param1       00010F
??_LCD_Pause              param1       00011D
??_LCD_Strobe             param1       00011D
??_LCD_Write              param1       00011C
??_NeoPixel_Display       param1       00010C
??_ReadKey                param1       000109
??_Wait_ms                param1       00010F
??___aldiv                param1       000123
??___almod                param1       000123
??___awdiv                param1       00010D
??_main                   param1       000100
?_GetKey                  param1       00010B
?_LCD_Init                param1       000109
?_LCD_Inst                param1       00010B
?_LCD_Move                param1       000109
?_LCD_Out                 param1       000109
?_LCD_Pause               param1       00011D
?_LCD_Strobe              param1       00011D
?_LCD_Write               param1       00011B
?_NeoPixel_Display        param1       000109
?_ReadKey                 param1       000109
?_Wait_ms                 param1       00010D
?___aldiv                 param1       00011B
?___almod                 param1       00011B
?___awdiv                 param1       000109
?_main                    param1       000100
GetKey@RESULT             param1       00010B
GetKey@i                  param1       00010C
LCD_Inst@c                param1       00010B
LCD_Move@Col              param1       00010A
LCD_Move@Row              param1       000109
LCD_Out@A                 param1       000110
LCD_Out@D                 param1       00010D
LCD_Out@DATA              param1       000109
LCD_Out@N                 param1       00010E
LCD_Out@i                 param1       00010F
LCD_Pause@x               param1       00011D
LCD_Write@c               param1       00011B
NeoPixel_Display@BLUE     param1       00010B
NeoPixel_Display@GREEN    param1       00010A
NeoPixel_Display@RED      param1       000109
ReadKey@X                 param1       00010A
ReadKey@Y                 param1       000109
Wait_ms@X                 param1       00010D
Wait_ms@i                 param1       00010F
Wait_ms@j                 param1       000111
_ADCON1                   (abs)        000FC1
_GetKey                   text9        001366
_LCD_Init                 text4        001BFE
_LCD_Inst                 text10       001D92
_LCD_Move                 text3        001C90
_LCD_Out                  text2        001946
_LCD_Pause                text14       001EA2
_LCD_Strobe               text12       001ED8
_LCD_Write                text11       001E2C
_MSG0                     smallconst   001001
_MSG1                     smallconst   001015
_NeoPixel_Display         text5        001E68
_PIXEL                    (abs)        000000
_PORTB                    (abs)        000F81
_PORTC                    (abs)        000F82
_PORTD                    (abs)        000F83
_PORTE                    (abs)        000F84
_RB0                      (abs)        007C08
_RB1                      (abs)        007C09
_RB2                      (abs)        007C0A
_RB3                      (abs)        007C0B
_RB4                      (abs)        007C0C
_RC3                      (abs)        007C13
_RC4                      (abs)        007C14
_RC5                      (abs)        007C15
_RC6                      (abs)        007C16
_RD1                      (abs)        007C19
_RD2                      (abs)        007C1A
_RD3                      (abs)        007C1B
_ReadKey                  text6        001DE0
_TRISA                    (abs)        000F92
_TRISB                    (abs)        000F93
_TRISC                    (abs)        000F94
_TRISD                    (abs)        000F95
_TRISD0                   (abs)        007CA8
_TRISE                    (abs)        000F96
_TRMT                     (abs)        007D61
_TXREG                    (abs)        000FAD
_Wait_ms                  text13       001D14
__Bnvbit                  nvbit        000001
__Brbit                   rbit         000001
__HRAM                    (abs)        000000
__Habsbss0                (abs)        000001
__Hbigbss                 bigbss       00012A
__Hbigdata                bigdata      00012A
__Hbss                    bss          000001
__Hclrtext                clrtext      00102A
__Hconfig                 config       300000
__Hconst                  const        00102A
__Hdata                   data         00102A
__Heeprom_data            eeprom_data  F00000
__Hend_init               end_init     00081E
__Hfarbss                 farbss       000000
__Hfardata                fardata      000000
__Hibigdata               ibigdata     00102A
__Hidata                  idata        00102A
__Hidloc                  idloc        200000
__Hifardata               ifardata     00102A
__Hinit                   init         00080C
__Hintcode                intcode      000800
__Hintcodelo              intcodelo    000800
__Hintentry               intentry     00102A
__Hintret                 intret       00102A
__Hintsave_regs           intsave_regs 00012A
__Hirdata                 irdata       00102A
__Hmediumconst            mediumconst  00102A
__Hnvbit                  nvbit        000008
__Hnvram                  nvram        00102A
__Hnvrram                 nvrram       000001
__Hparam                  param1       00012A
__Hparam0                 param0       00102A
__Hparam1                 param1       00012A
__Hparam10                param10      00102A
__Hparam11                param11      00102A
__Hparam12                param12      00102A
__Hparam13                param13      00102A
__Hparam14                param14      00102A
__Hparam15                param15      00102A
__Hparam2                 param2       00102A
__Hparam3                 param3       00102A
__Hparam4                 param4       00102A
__Hparam5                 param5       00102A
__Hparam6                 param6       00102A
__Hparam7                 param7       00102A
__Hparam8                 param8       00102A
__Hparam9                 param9       00102A
__Hpowerup                powerup      000800
__Hramtop                 ramtop       001000
__Hrbit                   rbit         000008
__Hrbss                   rbss         000001
__Hrdata                  rdata        000001
__Hreset_vec              reset_vec    000800
__Hrparam                 rparam       00102A
__Hsmallconst             smallconst   00102A
__Hstruct                 struct       000001
__Htemp                   temp         000001
__Htext                   text         00102A
__Htext0                  text0        00102A
__Htext1                  text1        00102A
__Htext10                 text10       00102A
__Htext11                 text11       00102A
__Htext12                 text12       00102A
__Htext13                 text13       00102A
__Htext14                 text14       00102A
__Htext2                  text2        00102A
__Htext3                  text3        00102A
__Htext4                  text4        00102A
__Htext5                  text5        00102A
__Htext6                  text6        00102A
__Htext7                  text7        00102A
__Htext8                  text8        00102A
__Htext9                  text9        00102A
__LRAM                    (abs)        000001
__Labsbss0                (abs)        000000
__Lbigbss                 bigbss       00012A
__Lbigdata                bigdata      00012A
__Lbss                    bss          000001
__Lclrtext                clrtext      00102A
__Lconfig                 config       300000
__Lconst                  const        00102A
__Ldata                   (abs)        000000
__Leeprom_data            eeprom_data  F00000
__Lend_init               end_init     00080C
__Lfarbss                 farbss       000000
__Lfardata                fardata      000000
__Libigdata               ibigdata     00102A
__Lidata                  idata        00102A
__Lidloc                  idloc        200000
__Lifardata               ifardata     00102A
__Linit                   init         000800
__Lintcode                intcode      000800
__Lintcodelo              intcodelo    000800
__Lintentry               intentry     00102A
__Lintret                 intret       00102A
__Lintsave_regs           intsave_regs 00012A
__Lirdata                 irdata       00102A
__Lmediumconst            mediumconst  00102A
__Lnvbit                  nvbit        000008
__Lnvram                  nvram        00102A
__Lnvrram                 nvrram       000001
__Lparam                  param1       000100
__Lparam0                 param0       00102A
__Lparam1                 param1       000100
__Lparam10                param10      00102A
__Lparam11                param11      00102A
__Lparam12                param12      00102A
__Lparam13                param13      00102A
__Lparam14                param14      00102A
__Lparam15                param15      00102A
__Lparam2                 param2       00102A
__Lparam3                 param3       00102A
__Lparam4                 param4       00102A
__Lparam5                 param5       00102A
__Lparam6                 param6       00102A
__Lparam7                 param7       00102A
__Lparam8                 param8       00102A
__Lparam9                 param9       00102A
__Lpowerup                powerup      000800
__Lramtop                 ramtop       001000
__Lrbit                   rbit         000008
__Lrbss                   rbss         000001
__Lrdata                  rdata        000001
__Lreset_vec              reset_vec    000800
__Lrparam                 rparam       00102A
__Lsmallconst             smallconst   001000
__Lstruct                 struct       000001
__Ltemp                   temp         000001
__Ltext                   text         00102A
__Ltext0                  text0        00102A
__Ltext1                  text1        00102A
__Ltext10                 text10       00102A
__Ltext11                 text11       00102A
__Ltext12                 text12       00102A
__Ltext13                 text13       00102A
__Ltext14                 text14       00102A
__Ltext2                  text2        00102A
__Ltext3                  text3        00102A
__Ltext4                  text4        00102A
__Ltext5                  text5        00102A
__Ltext6                  text6        00102A
__Ltext7                  text7        00102A
__Ltext8                  text8        00102A
__Ltext9                  text9        00102A
__S0                      (abs)        F00000
__S1                      (abs)        000F00
___aldiv                  text7        0015FA
___aldiv@counter          param1       000123
___aldiv@dividend         param1       00011B
___aldiv@divisor          param1       00011F
___aldiv@quotient         param1       000125
___aldiv@sign             param1       000124
___almod                  text8        0017BE
___almod@counter          param1       000124
___almod@dividend         param1       00011B
___almod@divisor          param1       00011F
___almod@sign             param1       000123
___awdiv                  text1        001ACE
___awdiv@counter          param1       00010D
___awdiv@dividend         param1       000109
___awdiv@divisor          param1       00010B
___awdiv@quotient         param1       00010F
___awdiv@sign             param1       00010E
__accesstop               (abs)        000080
__activetblptr            (abs)        000003
__end_of_GetKey           text9        0015FA
__end_of_LCD_Init         text4        001C90
__end_of_LCD_Inst         text10       001DE0
__end_of_LCD_Move         text3        001D14
__end_of_LCD_Out          text2        001ACE
__end_of_LCD_Pause        text14       001ED8
__end_of_LCD_Strobe       text12       001EEC
__end_of_LCD_Write        text11       001E68
__end_of_NeoPixel_Display text5        001EA2
__end_of_ReadKey          text6        001E2C
__end_of_Wait_ms          text13       001D92
__end_of___aldiv          text7        0017BE
__end_of___almod          text8        001946
__end_of___awdiv          text1        001BFE
__end_of_main             text0        001366
__mediumconst             mediumconst  00102A
__ramtop                  ramtop       001000
__smallconst              smallconst   001000
_exit                     init         000800
_main                     text0        00102A
intlevel0                 text         001EEC
intlevel1                 text         001EEC
intlevel2                 text         001EEC
intlevel3                 text         001EEC
main@BLUE                 param1       000102
main@GREEN                param1       000103
main@RED                  param1       000104
main@TEMP                 param1       000100
main@X                    param1       000101
main@i                    param1       000105
start                     init         000800
