HI-TECH Software C Compiler 

Linker command line:

\
  --edf=C:\Program Files (x86)\HI-TECH Software\PICC-18\PRO\9.63\dat\en_msgs.txt \
  -cs -h+timer.sym -z -Q18F4620 -ol.obj -Mtimer.map -E1 -ACODE=0800h-0FFFFh \
  -ACONST=00h-0FFFFh -ASMALLCONST=01000h-010FFhx240 \
  -AMEDIUMCONST=01000h-0FFFFh -ARAM=00h-0FFhx15,0F00h-0F7Fh \
  -ABIGRAM=00h-0F7Fh -ACOMRAM=00h-07Fh -AABS1=00h-0F7Fh -ABANK0=00h-0FFh \
  -ABANK1=0100h-01FFh -ABANK2=0200h-02FFh -ABANK3=0300h-03FFh \
  -ABANK4=0400h-04FFh -ABANK5=0500h-05FFh -ABANK6=0600h-06FFh \
  -ABANK7=0700h-07FFh -ABANK8=0800h-08FFh -ABANK9=0900h-09FFh \
  -ABANK10=0A00h-0AFFh -ABANK11=0B00h-0BFFh -ABANK12=0C00h-0CFFh \
  -ABANK13=0D00h-0DFFh -ABANK14=0E00h-0EFFh -ABANK15=0F00h-0F7Fh \
  -ANVRAM=0F00h-0F7Fh \
  -preset_vec=0800h,intcode=0808h,intcodelo,powerup,init,end_init \
  -pramtop=01000h -psmallconst=SMALLCONST -pmediumconst=MEDIUMCONST \
  -pconst=CONST -pparam1=BANK1 -AFARRAM=00h-00h -ACONFIG=0300000h-030000Dh \
  -pconfig=CONFIG -AIDLOC=0200000h-0200007h -pidloc=IDLOC \
  -AEEDATA=0F00000h-0F003FFh -peeprom_data=EEDATA \
  -prdata=COMRAM,nvrram=COMRAM,nvbit=COMRAM,rbss=COMRAM,rbit=COMRAM \
  -pfarbss=FARRAM,fardata=FARRAM \
  -pintsave_regs=BIGRAM,bigbss=BIGRAM,bigdata=BIGRAM -pbss=RAM \
  -pidata=CODE,irdata=CODE,ibigdata=CODE,ifardata=CODE \
  C:\Users\Reds2\AppData\Local\Temp\s16is.obj timer.obj 

Object code version is 3.10

Machine type is 18F4620

Call graph: (short form)

*_main size 0,7 offset 0
     _LCD_Init size 0,1 offset 7
         _LCD_Inst size 1,1 offset 9
             _LCD_Strobe size 0,0 offset 27
                 _LCD_Pause size 0,2 offset 27
             _Wait_ms size 2,4 offset 11
         _Wait_ms size 2,4 offset 11
     _LCD_Move size 2,0 offset 7
         _LCD_Inst size 1,1 offset 9
     _LCD_Write size 1,1 offset 25
         _LCD_Strobe size 0,0 offset 27
     _Wait_ms size 2,4 offset 11
     ___lwmod size 4,2 offset 7
*    _LCD_Out size 6,12 offset 7
         _LCD_Write size 1,1 offset 25
         ___almod size 8,3 offset 25
*        ___aldiv size 8,7 offset 25

Estimated maximum call depth: 4

*intlevel2 size 0,0 offset 40
*    _IntServe size 0,13 offset 40

Estimated maximum call depth: 1


                Name          Link     Load   Length Selector Space Scale
C:\Users\Reds2\AppData\Local\Temp\s16is.obj
                end_init       824      824       12     404     0
                init           818      818        C     404     0
                reset_vec      800      800        4     400     0
timer.obj       intcode        808      808       10     404     0
                smallcons     1000     1000       2C     800     0
                text10        1906     1906       7E     816     0
                text11        1A86     1A86       36     816     0
                text8         15D0     15D0      188     816     0
                text9         1ABC     1ABC       14     816     0
                text12        1984     1984       78     816     0
                text1         1882     1882       84     816     0
                text2         1448     1448      188     816     0
                text0         102C     102C      258     816     0
                text3         17F0     17F0       92     816     0
                text6         19FC     19FC       4E     816     0
                text7         1284     1284      1C4     816     0
                text4         1758     1758       98     816     0
                text5         1A4A     1A4A       3C     816     0

COMMON          param1         100      100       35     100     1

TOTAL           Name          Link     Load   Length  Space
        CLASS   CODE           
                end_init       824      824       12     0
                intcode        808      808       10     0
                init           818      818        C     0
                reset_vec      800      800        4     0
                text10        1906     1906       7E     0
                text11        1A86     1A86       36     0
                text8         15D0     15D0      188     0
                text9         1ABC     1ABC       14     0
                text12        1984     1984       78     0
                text1         1882     1882       84     0
                text2         1448     1448      188     0
                text0         102C     102C      258     0
                text3         17F0     17F0       92     0
                text6         19FC     19FC       4E     0
                text7         1284     1284      1C4     0
                text4         1758     1758       98     0
                text5         1A4A     1A4A       3C     0

        CLASS   CONST          

        CLASS   SMALLCONST     
                smallcons     1000     1000       2C     0

        CLASS   MEDIUMCONST    

        CLASS   RAM            

        CLASS   BIGRAM         

        CLASS   COMRAM         

        CLASS   ABS1           
                abs_s1           0        0        2     1

        CLASS   BANK0          

        CLASS   BANK1          
                param1         100      100       35     1

        CLASS   BANK2          

        CLASS   BANK3          

        CLASS   BANK4          

        CLASS   BANK5          

        CLASS   BANK6          

        CLASS   BANK7          

        CLASS   BANK8          

        CLASS   BANK9          

        CLASS   BANK10         

        CLASS   BANK11         

        CLASS   BANK12         

        CLASS   BANK13         

        CLASS   BANK14         

        CLASS   BANK15         

        CLASS   NVRAM          

        CLASS   FARRAM         

        CLASS   CONFIG         

        CLASS   IDLOC          

        CLASS   EEDATA         



SEGMENTS        Name           Load    Length   Top     Selector    Space Class

                param1          000100  000035  000135       100       1  BANK1   
                reset_vec       000800  000004  000804       400       0  CODE    
                intcode         000808  00002E  000836       404       0  CODE    
                smallconst      001000  00002C  00102C       800       0  SMALLCON
                idata           00102C  000AA4  001AD0       816       0  CODE    


UNUSED ADDRESS RANGES

        BANK0            000002-0000FF
        BANK1            000135-0001FF
        BANK10           000A00-000AFF
        BANK11           000B00-000BFF
        BANK12           000C00-000CFF
        BANK13           000D00-000DFF
        BANK14           000E00-000EFF
        BANK15           000F00-000F7F
        BANK2            000200-0002FF
        BANK3            000300-0003FF
        BANK4            000400-0004FF
        BANK5            000500-0005FF
        BANK6            000600-0006FF
        BANK7            000700-0007FF
        BANK8            000800-0008FF
        BANK9            000900-0009FF
        BIGRAM           000002-0000FF
                         000135-000F7F
        CODE             000804-000807
                         000836-000FFF
                         001AD0-00FFFF
        COMRAM           000002-00007F
        CONFIG           300000-30000D
        CONST            000000-0007FF
                         000804-000807
                         000836-000FFF
                         001AD0-00FFFF
        EEDATA           F00000-F003FF
        FARRAM           000000-000000
        IDLOC            200000-200007
        MEDIUMCONST      001AD0-00FFFF
        NVRAM            000F00-000F7F
        RAM              000002-0000FF
                         000135-000F7F
        SMALLCONST       001AD0-00FFFF

                                  Symbol Table

??_IntServe         param1       000128
??_LCD_Init         param1       000107
??_LCD_Inst         param1       00010A
??_LCD_Move         param1       000109
??_LCD_Out          param1       00010D
??_LCD_Pause        param1       00011B
??_LCD_Strobe       param1       00011B
??_LCD_Write        param1       00011A
??_Wait_ms          param1       00010D
??___aldiv          param1       000121
??___almod          param1       000121
??___lwmod          param1       00010B
??_main             param1       000100
?_IntServe          param1       000128
?_LCD_Init          param1       000107
?_LCD_Inst          param1       000109
?_LCD_Move          param1       000107
?_LCD_Out           param1       000107
?_LCD_Pause         param1       00011B
?_LCD_Strobe        param1       00011B
?_LCD_Write         param1       000119
?_Wait_ms           param1       00010B
?___aldiv           param1       000119
?___almod           param1       000119
?___lwmod           param1       000107
?_main              param1       000100
LCD_Inst@c          param1       000109
LCD_Move@Col        param1       000108
LCD_Move@Row        param1       000107
LCD_Out@A           param1       00010E
LCD_Out@D           param1       00010B
LCD_Out@DATA        param1       000107
LCD_Out@N           param1       00010C
LCD_Out@i           param1       00010D
LCD_Pause@x         param1       00011B
LCD_Write@c         param1       000119
Wait_ms@X           param1       00010B
Wait_ms@i           param1       00010D
Wait_ms@j           param1       00010F
_ADCON1             (abs)        000FC1
_GIE                (abs)        007F97
_IntServe           text12       001984
_LCD_Init           text3        0017F0
_LCD_Inst           text6        0019FC
_LCD_Move           text1        001882
_LCD_Out            text2        001448
_LCD_Pause          text11       001A86
_LCD_Strobe         text9        001ABC
_LCD_Write          text5        001A4A
_MSG0               smallconst   001001
_MSG1               smallconst   001016
_PEIE               (abs)        007F96
_PORTA              (abs)        000F80
_PORTD              (abs)        000F83
_PORTE              (abs)        000F84
_PR2                (abs)        000FCB
_RB0                (abs)        007C08
_RC0                (abs)        007C10
_RD1                (abs)        007C19
_RD2                (abs)        007C1A
_RD3                (abs)        007C1B
_RE0                (abs)        007C20
_T2CON              (abs)        000FCA
_TIME               (abs)        000000
_TMR2IE             (abs)        007CE9
_TMR2IF             (abs)        007CF1
_TMR2IP             (abs)        007CF9
_TMR2ON             (abs)        007E52
_TRISA              (abs)        000F92
_TRISB              (abs)        000F93
_TRISC              (abs)        000F94
_TRISD              (abs)        000F95
_TRISE              (abs)        000F96
_TRMT               (abs)        007D61
_TXREG              (abs)        000FAD
_Wait_ms            text10       001906
__Bnvbit            nvbit        000002
__Brbit             rbit         000002
__HRAM              (abs)        000000
__Habsbss0          (abs)        000002
__Hbigbss           bigbss       000135
__Hbigdata          bigdata      000135
__Hbss              bss          000002
__Hclrtext          clrtext      00102C
__Hconfig           config       300000
__Hconst            const        00102C
__Hdata             data         00102C
__Heeprom_data      eeprom_data  F00000
__Hend_init         end_init     000836
__Hfarbss           farbss       000000
__Hfardata          fardata      000000
__Hibigdata         ibigdata     00102C
__Hidata            idata        00102C
__Hidloc            idloc        200000
__Hifardata         ifardata     00102C
__Hinit             init         000824
__Hintcode          intcode      000818
__Hintcodelo        intcodelo    000818
__Hintentry         intentry     00102C
__Hintret           intret       00102C
__Hintsave_regs     intsave_regs 000135
__Hirdata           irdata       00102C
__Hmediumconst      mediumconst  00102C
__Hnvbit            nvbit        000010
__Hnvram            nvram        00102C
__Hnvrram           nvrram       000002
__Hparam            param1       000135
__Hparam0           param0       00102C
__Hparam1           param1       000135
__Hparam10          param10      00102C
__Hparam11          param11      00102C
__Hparam12          param12      00102C
__Hparam13          param13      00102C
__Hparam14          param14      00102C
__Hparam15          param15      00102C
__Hparam2           param2       00102C
__Hparam3           param3       00102C
__Hparam4           param4       00102C
__Hparam5           param5       00102C
__Hparam6           param6       00102C
__Hparam7           param7       00102C
__Hparam8           param8       00102C
__Hparam9           param9       00102C
__Hpowerup          powerup      000818
__Hramtop           ramtop       001000
__Hrbit             rbit         000010
__Hrbss             rbss         000002
__Hrdata            rdata        000002
__Hreset_vec        reset_vec    000804
__Hrparam           rparam       00102C
__Hsmallconst       smallconst   00102C
__Hstruct           struct       000002
__Htemp             temp         000002
__Htext             text         00102C
__Htext0            text0        00102C
__Htext1            text1        00102C
__Htext10           text10       00102C
__Htext11           text11       00102C
__Htext12           text12       00102C
__Htext2            text2        00102C
__Htext3            text3        00102C
__Htext4            text4        00102C
__Htext5            text5        00102C
__Htext6            text6        00102C
__Htext7            text7        00102C
__Htext8            text8        00102C
__Htext9            text9        00102C
__LRAM              (abs)        000001
__Labsbss0          (abs)        000000
__Lbigbss           bigbss       000135
__Lbigdata          bigdata      000135
__Lbss              bss          000002
__Lclrtext          clrtext      00102C
__Lconfig           config       300000
__Lconst            const        00102C
__Ldata             (abs)        000000
__Leeprom_data      eeprom_data  F00000
__Lend_init         end_init     000824
__Lfarbss           farbss       000000
__Lfardata          fardata      000000
__Libigdata         ibigdata     00102C
__Lidata            idata        00102C
__Lidloc            idloc        200000
__Lifardata         ifardata     00102C
__Linit             init         000818
__Lintcode          intcode      000808
__Lintcodelo        intcodelo    000818
__Lintentry         intentry     00102C
__Lintret           intret       00102C
__Lintsave_regs     intsave_regs 000135
__Lirdata           irdata       00102C
__Lmediumconst      mediumconst  00102C
__Lnvbit            nvbit        000010
__Lnvram            nvram        00102C
__Lnvrram           nvrram       000002
__Lparam            param1       000100
__Lparam0           param0       00102C
__Lparam1           param1       000100
__Lparam10          param10      00102C
__Lparam11          param11      00102C
__Lparam12          param12      00102C
__Lparam13          param13      00102C
__Lparam14          param14      00102C
__Lparam15          param15      00102C
__Lparam2           param2       00102C
__Lparam3           param3       00102C
__Lparam4           param4       00102C
__Lparam5           param5       00102C
__Lparam6           param6       00102C
__Lparam7           param7       00102C
__Lparam8           param8       00102C
__Lparam9           param9       00102C
__Lpowerup          powerup      000818
__Lramtop           ramtop       001000
__Lrbit             rbit         000010
__Lrbss             rbss         000002
__Lrdata            rdata        000002
__Lreset_vec        reset_vec    000800
__Lrparam           rparam       00102C
__Lsmallconst       smallconst   001000
__Lstruct           struct       000002
__Ltemp             temp         000002
__Ltext             text         00102C
__Ltext0            text0        00102C
__Ltext1            text1        00102C
__Ltext10           text10       00102C
__Ltext11           text11       00102C
__Ltext12           text12       00102C
__Ltext2            text2        00102C
__Ltext3            text3        00102C
__Ltext4            text4        00102C
__Ltext5            text5        00102C
__Ltext6            text6        00102C
__Ltext7            text7        00102C
__Ltext8            text8        00102C
__Ltext9            text9        00102C
__S0                (abs)        F00000
__S1                (abs)        000F00
___aldiv            text7        001284
___aldiv@counter    param1       000121
___aldiv@dividend   param1       000119
___aldiv@divisor    param1       00011D
___aldiv@quotient   param1       000123
___aldiv@sign       param1       000122
___almod            text8        0015D0
___almod@counter    param1       000122
___almod@dividend   param1       000119
___almod@divisor    param1       00011D
___almod@sign       param1       000121
___lwmod            text4        001758
___lwmod@counter    param1       00010B
___lwmod@dividend   param1       000107
___lwmod@divisor    param1       000109
__accesstop         (abs)        000080
__activetblptr      (abs)        000003
__end_of_IntServe   text12       0019FC
__end_of_LCD_Init   text3        001882
__end_of_LCD_Inst   text6        001A4A
__end_of_LCD_Move   text1        001906
__end_of_LCD_Out    text2        0015D0
__end_of_LCD_Pause  text11       001ABC
__end_of_LCD_Strobe text9        001AD0
__end_of_LCD_Write  text5        001A86
__end_of_Wait_ms    text10       001984
__end_of___aldiv    text7        001448
__end_of___almod    text8        001758
__end_of___lwmod    text4        0017F0
__end_of_main       text0        001284
__mediumconst       mediumconst  00102C
__ramtop            ramtop       001000
__smallconst        smallconst   001000
_exit               init         000818
_main               text0        00102C
int_func            intcode      000808
intlevel0           text         001AD0
intlevel1           text         001AD0
intlevel2           text         001AD0
intlevel3           text         001AD0
main@DELAY          param1       000103
main@dT             param1       000101
main@i              param1       000100
start               init         000818
