MPLINK 4.49, Linker
Linker Map File - Created Fri Sep 15 16:23:44 2023

                                 Section Info
                  Section       Type    Address   Location Size(Bytes)
                ---------  ---------  ---------  ---------  ---------
                   .org_0       code   0x000000    program   0x000000
                   .org_1       code   0x000800    program   0x000058



                              Program Memory Usage 
                               Start         End      
                           ---------   ---------      
                            0x000800    0x000857      
            88 out of 33048 program addresses used, program memory utilization is 0%



                              Symbols - Sorted by Name
                     Name    Address   Location    Storage File                     
                ---------  ---------  ---------  --------- ---------                
                       L1   0x000806    program     static A:\OneDrive\School\College\Junior\Fa23\Emb Sys\asm\ece376h3p3\p3.asm
                       L2   0x000810    program     static A:\OneDrive\School\College\Junior\Fa23\Emb Sys\asm\ece376h3p3\p3.asm
                       L3   0x00081c    program     static A:\OneDrive\School\College\Junior\Fa23\Emb Sys\asm\ece376h3p3\p3.asm
                       L4   0x000826    program     static A:\OneDrive\School\College\Junior\Fa23\Emb Sys\asm\ece376h3p3\p3.asm
                       L5   0x000842    program     static A:\OneDrive\School\College\Junior\Fa23\Emb Sys\asm\ece376h3p3\p3.asm
                       L6   0x00084a    program     static A:\OneDrive\School\College\Junior\Fa23\Emb Sys\asm\ece376h3p3\p3.asm
                       L7   0x00084e    program     static A:\OneDrive\School\College\Junior\Fa23\Emb Sys\asm\ece376h3p3\p3.asm



                              Symbols - Sorted by Address
                     Name    Address   Location    Storage File                     
                ---------  ---------  ---------  --------- ---------                
                       L1   0x000806    program     static A:\OneDrive\School\College\Junior\Fa23\Emb Sys\asm\ece376h3p3\p3.asm
                       L2   0x000810    program     static A:\OneDrive\School\College\Junior\Fa23\Emb Sys\asm\ece376h3p3\p3.asm
                       L3   0x00081c    program     static A:\OneDrive\School\College\Junior\Fa23\Emb Sys\asm\ece376h3p3\p3.asm
                       L4   0x000826    program     static A:\OneDrive\School\College\Junior\Fa23\Emb Sys\asm\ece376h3p3\p3.asm
                       L5   0x000842    program     static A:\OneDrive\School\College\Junior\Fa23\Emb Sys\asm\ece376h3p3\p3.asm
                       L6   0x00084a    program     static A:\OneDrive\School\College\Junior\Fa23\Emb Sys\asm\ece376h3p3\p3.asm
                       L7   0x00084e    program     static A:\OneDrive\School\College\Junior\Fa23\Emb Sys\asm\ece376h3p3\p3.asm


