HI-TECH Software C Compiler 

Linker command line:

\
  --edf=C:\Program Files (x86)\HI-TECH Software\PICC-18\PRO\9.63\dat\en_msgs.txt \
  -cs -h+craps.sym -z -Q18F4620 -ol.obj -Mcraps.map -E1 -ACODE=0800h-0FFFFh \
  -ACONST=00h-0FFFFh -ASMALLCONST=01000h-010FFhx240 \
  -AMEDIUMCONST=01000h-0FFFFh -ARAM=00h-0FFhx15,0F00h-0F7Fh \
  -ABIGRAM=00h-0F7Fh -ACOMRAM=00h-07Fh -AABS1=00h-0F7Fh -ABANK0=00h-0FFh \
  -ABANK1=0100h-01FFh -ABANK2=0200h-02FFh -ABANK3=0300h-03FFh \
  -ABANK4=0400h-04FFh -ABANK5=0500h-05FFh -ABANK6=0600h-06FFh \
  -ABANK7=0700h-07FFh -ABANK8=0800h-08FFh -ABANK9=0900h-09FFh \
  -ABANK10=0A00h-0AFFh -ABANK11=0B00h-0BFFh -ABANK12=0C00h-0CFFh \
  -ABANK13=0D00h-0DFFh -ABANK14=0E00h-0EFFh -ABANK15=0F00h-0F7Fh \
  -ANVRAM=0F00h-0F7Fh \
  -preset_vec=0800h,intcode,intcodelo,powerup,init,end_init -pramtop=01000h \
  -psmallconst=SMALLCONST -pmediumconst=MEDIUMCONST -pconst=CONST \
  -pparam0=BANK0 -AFARRAM=00h-00h -ACONFIG=0300000h-030000Dh \
  -pconfig=CONFIG -AIDLOC=0200000h-0200007h -pidloc=IDLOC \
  -AEEDATA=0F00000h-0F003FFh -peeprom_data=EEDATA \
  -prdata=COMRAM,nvrram=COMRAM,nvbit=COMRAM,rbss=COMRAM,rbit=COMRAM \
  -pfarbss=FARRAM,fardata=FARRAM \
  -pintsave_regs=BIGRAM,bigbss=BIGRAM,bigdata=BIGRAM -pbss=RAM \
  -pidata=CODE,irdata=CODE,ibigdata=CODE,ifardata=CODE \
  C:\Users\Reds2\AppData\Local\Temp\s15ck.obj craps.obj 

Object code version is 3.10

Machine type is 18F4620

Call graph: (short form)

*_main size 0,13 offset 0
     _LCD_Init size 0,1 offset 13
         _LCD_Inst size 1,1 offset 23
             _LCD_Strobe size 0,0 offset 41
                 _LCD_Pause size 0,2 offset 41
             _Wait_ms size 2,4 offset 25
         _Wait_ms size 2,4 offset 25
     _LCD_Move size 2,0 offset 21
         _LCD_Inst size 1,1 offset 23
     _LCD_Write size 1,1 offset 39
         _LCD_Strobe size 0,0 offset 41
     _Wait_ms size 2,4 offset 25
*    _Display size 6,2 offset 13
         _LCD_Move size 2,0 offset 21
*        _LCD_Out size 6,12 offset 21
             _LCD_Write size 1,1 offset 39
             ___almod size 8,3 offset 39
*            ___aldiv size 8,7 offset 39
     _Roll size 4,1 offset 13
         ___awmod size 4,3 offset 18
         ___awdiv size 4,5 offset 18

Estimated maximum call depth: 4


                Name          Link     Load   Length Selector Space Scale
C:\Users\Reds2\AppData\Local\Temp\s15ck.obj
                init           800      800        4     400     0
craps.obj       smallcons     1000     1000       2A     800     0
                text11        1E90     1E90       3C     815     0
                text12        1F02     1F02       14     815     0
                text9         1842     1842      188     815     0
                text10        1E42     1E42       4E     815     0
                text13        1DC4     1DC4       7E     815     0
                text14        1ECC     1ECC       36     815     0
                text8         1360     1360      1C4     815     0
                text1         1C02     1C02       AC     815     0
                text2         1524     1524      196     815     0
                text0         102A     102A      336     815     0
                text3         1CAE     1CAE       92     815     0
                text6         19CA     19CA      130     815     0
                text7         1AFA     1AFA      108     815     0
                text4         1D40     1D40       84     815     0
                text5         16BA     16BA      188     815     0

COMMON          param0          CA       CA       36      CA     1

TOTAL           Name          Link     Load   Length  Space
        CLASS   CODE           
                init           800      800        4     0
                text11        1E90     1E90       3C     0
                text12        1F02     1F02       14     0
                text9         1842     1842      188     0
                text10        1E42     1E42       4E     0
                text13        1DC4     1DC4       7E     0
                text14        1ECC     1ECC       36     0
                text8         1360     1360      1C4     0
                text1         1C02     1C02       AC     0
                text2         1524     1524      196     0
                text0         102A     102A      336     0
                text3         1CAE     1CAE       92     0
                text6         19CA     19CA      130     0
                text7         1AFA     1AFA      108     0
                text4         1D40     1D40       84     0
                text5         16BA     16BA      188     0

        CLASS   CONST          

        CLASS   SMALLCONST     
                smallcons     1000     1000       2A     0

        CLASS   MEDIUMCONST    

        CLASS   RAM            

        CLASS   BIGRAM         

        CLASS   COMRAM         

        CLASS   ABS1           

        CLASS   BANK0          
                param0          CA       CA       36     1

        CLASS   BANK1          

        CLASS   BANK2          

        CLASS   BANK3          

        CLASS   BANK4          

        CLASS   BANK5          

        CLASS   BANK6          

        CLASS   BANK7          

        CLASS   BANK8          

        CLASS   BANK9          

        CLASS   BANK10         

        CLASS   BANK11         

        CLASS   BANK12         

        CLASS   BANK13         

        CLASS   BANK14         

        CLASS   BANK15         

        CLASS   NVRAM          

        CLASS   FARRAM         

        CLASS   CONFIG         

        CLASS   IDLOC          

        CLASS   EEDATA         



SEGMENTS        Name           Load    Length   Top     Selector    Space Class

                param0          0000CA  000036  000100        CA       1  BANK0   
                reset_vec       000800  000004  000804       400       0  CODE    
                smallconst      001000  00002A  00102A       800       0  SMALLCON
                idata           00102A  000EEC  001F16       815       0  CODE    


UNUSED ADDRESS RANGES

        BANK0            000000-0000C9
        BANK1            000100-0001FF
        BANK10           000A00-000AFF
        BANK11           000B00-000BFF
        BANK12           000C00-000CFF
        BANK13           000D00-000DFF
        BANK14           000E00-000EFF
        BANK15           000F00-000F7F
        BANK2            000200-0002FF
        BANK3            000300-0003FF
        BANK4            000400-0004FF
        BANK5            000500-0005FF
        BANK6            000600-0006FF
        BANK7            000700-0007FF
        BANK8            000800-0008FF
        BANK9            000900-0009FF
        BIGRAM           000000-0000C9
                         000100-000F7F
        CODE             000804-000FFF
                         001F16-00FFFF
        COMRAM           000000-00007F
        CONFIG           300000-30000D
        CONST            000000-0007FF
                         000804-000FFF
                         001F16-00FFFF
        EEDATA           F00000-F003FF
        FARRAM           000000-000000
        IDLOC            200000-200007
        MEDIUMCONST      001F16-00FFFF
        NVRAM            000F00-000F7F
        RAM              000000-0000C9
                         000100-000F7F
        SMALLCONST       001F16-00FFFF

                                  Symbol Table

??_Display          param0       0000DD
??_LCD_Init         param0       0000D7
??_LCD_Inst         param0       0000E2
??_LCD_Move         param0       0000E1
??_LCD_Out          param0       0000E5
??_LCD_Pause        param0       0000F3
??_LCD_Strobe       param0       0000F3
??_LCD_Write        param0       0000F2
??_Roll             param0       0000DB
??_Wait_ms          param0       0000E5
??___aldiv          param0       0000F9
??___almod          param0       0000F9
??___awdiv          param0       0000E0
??___awmod          param0       0000E0
??_main             param0       0000CA
?_Display           param0       0000D7
?_LCD_Init          param0       0000D7
?_LCD_Inst          param0       0000E1
?_LCD_Move          param0       0000DF
?_LCD_Out           param0       0000DF
?_LCD_Pause         param0       0000F3
?_LCD_Strobe        param0       0000F3
?_LCD_Write         param0       0000F1
?_Roll              param0       0000D7
?_Wait_ms           param0       0000E3
?___aldiv           param0       0000F1
?___almod           param0       0000F1
?___awdiv           param0       0000DC
?___awmod           param0       0000DC
?_main              param0       0000CA
Display@Bank        param0       0000DB
Display@Point       param0       0000D9
Display@d1          param0       0000D7
Display@d2          param0       0000D8
LCD_Inst@c          param0       0000E1
LCD_Move@Col        param0       0000E0
LCD_Move@Row        param0       0000DF
LCD_Out@A           param0       0000E6
LCD_Out@D           param0       0000E3
LCD_Out@DATA        param0       0000DF
LCD_Out@N           param0       0000E4
LCD_Out@i           param0       0000E5
LCD_Pause@x         param0       0000F3
LCD_Write@c         param0       0000F1
Roll@d1             param0       0000D7
Roll@d2             param0       0000D9
Roll@n              param0       0000DB
Wait_ms@X           param0       0000E3
Wait_ms@i           param0       0000E5
Wait_ms@j           param0       0000E7
_ADCON1             (abs)        000FC1
_Display            text2        001524
_LCD_Init           text3        001CAE
_LCD_Inst           text10       001E42
_LCD_Move           text4        001D40
_LCD_Out            text5        0016BA
_LCD_Pause          text14       001ECC
_LCD_Strobe         text12       001F02
_LCD_Write          text11       001E90
_MSG0               smallconst   001001
_MSG1               smallconst   001015
_PORTD              (abs)        000F83
_RB0                (abs)        007C08
_RD1                (abs)        007C19
_RD2                (abs)        007C1A
_RD3                (abs)        007C1B
_Roll               text1        001C02
_TRISA              (abs)        000F92
_TRISB              (abs)        000F93
_TRISC              (abs)        000F94
_TRISD              (abs)        000F95
_TRISE              (abs)        000F96
_TRMT               (abs)        007D61
_TXREG              (abs)        000FAD
_Wait_ms            text13       001DC4
__HRAM              (abs)        000000
__Hbigbss           bigbss       000100
__Hbigdata          bigdata      000100
__Hbss              bss          000000
__Hclrtext          clrtext      00102A
__Hconfig           config       300000
__Hconst            const        00102A
__Hdata             data         00102A
__Heeprom_data      eeprom_data  F00000
__Hend_init         end_init     000804
__Hfarbss           farbss       000000
__Hfardata          fardata      000000
__Hibigdata         ibigdata     00102A
__Hidata            idata        00102A
__Hidloc            idloc        200000
__Hifardata         ifardata     00102A
__Hinit             init         000804
__Hintcode          intcode      000800
__Hintcodelo        intcodelo    000800
__Hintentry         intentry     00102A
__Hintret           intret       00102A
__Hintsave_regs     intsave_regs 000100
__Hirdata           irdata       00102A
__Hmediumconst      mediumconst  00102A
__Hnvbit            nvbit        000000
__Hnvram            nvram        00102A
__Hnvrram           nvrram       000000
__Hparam            param0       000100
__Hparam0           param0       000100
__Hparam1           param1       00102A
__Hparam10          param10      00102A
__Hparam11          param11      00102A
__Hparam12          param12      00102A
__Hparam13          param13      00102A
__Hparam14          param14      00102A
__Hparam15          param15      00102A
__Hparam2           param2       00102A
__Hparam3           param3       00102A
__Hparam4           param4       00102A
__Hparam5           param5       00102A
__Hparam6           param6       00102A
__Hparam7           param7       00102A
__Hparam8           param8       00102A
__Hparam9           param9       00102A
__Hpowerup          powerup      000800
__Hramtop           ramtop       001000
__Hrbit             rbit         000000
__Hrbss             rbss         000000
__Hrdata            rdata        000000
__Hreset_vec        reset_vec    000800
__Hrparam           rparam       00102A
__Hsmallconst       smallconst   00102A
__Hstruct           struct       000000
__Htemp             temp         000000
__Htext             text         00102A
__Htext0            text0        00102A
__Htext1            text1        00102A
__Htext10           text10       00102A
__Htext11           text11       00102A
__Htext12           text12       00102A
__Htext13           text13       00102A
__Htext14           text14       00102A
__Htext2            text2        00102A
__Htext3            text3        00102A
__Htext4            text4        00102A
__Htext5            text5        00102A
__Htext6            text6        00102A
__Htext7            text7        00102A
__Htext8            text8        00102A
__Htext9            text9        00102A
__LRAM              (abs)        000001
__Lbigbss           bigbss       000100
__Lbigdata          bigdata      000100
__Lbss              bss          000000
__Lclrtext          clrtext      00102A
__Lconfig           config       300000
__Lconst            const        00102A
__Ldata             (abs)        000000
__Leeprom_data      eeprom_data  F00000
__Lend_init         end_init     000804
__Lfarbss           farbss       000000
__Lfardata          fardata      000000
__Libigdata         ibigdata     00102A
__Lidata            idata        00102A
__Lidloc            idloc        200000
__Lifardata         ifardata     00102A
__Linit             init         000800
__Lintcode          intcode      000800
__Lintcodelo        intcodelo    000800
__Lintentry         intentry     00102A
__Lintret           intret       00102A
__Lintsave_regs     intsave_regs 000100
__Lirdata           irdata       00102A
__Lmediumconst      mediumconst  00102A
__Lnvbit            nvbit        000000
__Lnvram            nvram        00102A
__Lnvrram           nvrram       000000
__Lparam            param0       0000CA
__Lparam0           param0       0000CA
__Lparam1           param1       00102A
__Lparam10          param10      00102A
__Lparam11          param11      00102A
__Lparam12          param12      00102A
__Lparam13          param13      00102A
__Lparam14          param14      00102A
__Lparam15          param15      00102A
__Lparam2           param2       00102A
__Lparam3           param3       00102A
__Lparam4           param4       00102A
__Lparam5           param5       00102A
__Lparam6           param6       00102A
__Lparam7           param7       00102A
__Lparam8           param8       00102A
__Lparam9           param9       00102A
__Lpowerup          powerup      000800
__Lramtop           ramtop       001000
__Lrbit             rbit         000000
__Lrbss             rbss         000000
__Lrdata            rdata        000000
__Lreset_vec        reset_vec    000800
__Lrparam           rparam       00102A
__Lsmallconst       smallconst   001000
__Lstruct           struct       000000
__Ltemp             temp         000000
__Ltext             text         00102A
__Ltext0            text0        00102A
__Ltext1            text1        00102A
__Ltext10           text10       00102A
__Ltext11           text11       00102A
__Ltext12           text12       00102A
__Ltext13           text13       00102A
__Ltext14           text14       00102A
__Ltext2            text2        00102A
__Ltext3            text3        00102A
__Ltext4            text4        00102A
__Ltext5            text5        00102A
__Ltext6            text6        00102A
__Ltext7            text7        00102A
__Ltext8            text8        00102A
__Ltext9            text9        00102A
__S0                (abs)        F00000
__S1                (abs)        000F00
___aldiv            text8        001360
___aldiv@counter    param0       0000F9
___aldiv@dividend   param0       0000F1
___aldiv@divisor    param0       0000F5
___aldiv@quotient   param0       0000FB
___aldiv@sign       param0       0000FA
___almod            text9        001842
___almod@counter    param0       0000FA
___almod@dividend   param0       0000F1
___almod@divisor    param0       0000F5
___almod@sign       param0       0000F9
___awdiv            text6        0019CA
___awdiv@counter    param0       0000E0
___awdiv@dividend   param0       0000DC
___awdiv@divisor    param0       0000DE
___awdiv@quotient   param0       0000E2
___awdiv@sign       param0       0000E1
___awmod            text7        001AFA
___awmod@counter    param0       0000E1
___awmod@dividend   param0       0000DC
___awmod@divisor    param0       0000DE
___awmod@sign       param0       0000E0
__accesstop         (abs)        000080
__activetblptr      (abs)        000003
__end_of_Display    text2        0016BA
__end_of_LCD_Init   text3        001D40
__end_of_LCD_Inst   text10       001E90
__end_of_LCD_Move   text4        001DC4
__end_of_LCD_Out    text5        001842
__end_of_LCD_Pause  text14       001F02
__end_of_LCD_Strobe text12       001F16
__end_of_LCD_Write  text11       001ECC
__end_of_Roll       text1        001CAE
__end_of_Wait_ms    text13       001E42
__end_of___aldiv    text8        001524
__end_of___almod    text9        0019CA
__end_of___awdiv    text6        001AFA
__end_of___awmod    text7        001C02
__end_of_main       text0        001360
__mediumconst       mediumconst  00102A
__ramtop            ramtop       001000
__smallconst        smallconst   001000
_exit               init         000800
_main               text0        00102A
intlevel0           text         001F16
intlevel1           text         001F16
intlevel2           text         001F16
intlevel3           text         001F16
main@Bank           param0       0000D3
main@Other          param0       0000CD
main@Point          param0       0000CF
main@Sum            param0       0000CC
main@d1             param0       0000CA
main@d2             param0       0000CB
main@i              param0       0000D1
start               init         000800
