HI-TECH Software C Compiler 

Linker command line:

\
  --edf=C:\Program Files (x86)\HI-TECH Software\PICC-18\PRO\9.63\dat\en_msgs.txt \
  -cs -h+compare.sym -z -Q18F4620 -ol.obj -Mcompare.map -E1 \
  -ACODE=0800h-0FFFFh -ACONST=00h-0FFFFh -ASMALLCONST=01000h-010FFhx240 \
  -AMEDIUMCONST=01000h-0FFFFh -ARAM=00h-0FFhx15,0F00h-0F7Fh \
  -ABIGRAM=00h-0F7Fh -ACOMRAM=00h-07Fh -AABS1=00h-0F7Fh -ABANK0=00h-0FFh \
  -ABANK1=0100h-01FFh -ABANK2=0200h-02FFh -ABANK3=0300h-03FFh \
  -ABANK4=0400h-04FFh -ABANK5=0500h-05FFh -ABANK6=0600h-06FFh \
  -ABANK7=0700h-07FFh -ABANK8=0800h-08FFh -ABANK9=0900h-09FFh \
  -ABANK10=0A00h-0AFFh -ABANK11=0B00h-0BFFh -ABANK12=0C00h-0CFFh \
  -ABANK13=0D00h-0DFFh -ABANK14=0E00h-0EFFh -ABANK15=0F00h-0F7Fh \
  -ANVRAM=0F00h-0F7Fh \
  -preset_vec=0800h,intcode=0808h,intcodelo,powerup,init,end_init \
  -pramtop=01000h -psmallconst=SMALLCONST -pmediumconst=MEDIUMCONST \
  -pconst=CONST -pparam1=BANK1 -AFARRAM=00h-00h -ACONFIG=0300000h-030000Dh \
  -pconfig=CONFIG -AIDLOC=0200000h-0200007h -pidloc=IDLOC \
  -AEEDATA=0F00000h-0F003FFh -peeprom_data=EEDATA \
  -prdata=COMRAM,nvrram=COMRAM,nvbit=COMRAM,rbss=COMRAM,rbit=COMRAM \
  -pfarbss=FARRAM,fardata=FARRAM \
  -pintsave_regs=BIGRAM,bigbss=BIGRAM,bigdata=BIGRAM -pbss=RAM \
  -pidata=CODE,irdata=CODE,ibigdata=CODE,ifardata=CODE \
  C:\Users\Reds2\AppData\Local\Temp\s13no.obj compare.obj 

Object code version is 3.10

Machine type is 18F4620

Call graph: (short form)

*_main size 0,8 offset 0
     _LCD_Init size 0,1 offset 8
         _LCD_Inst size 1,1 offset 10
             _LCD_Strobe size 0,0 offset 28
                 _LCD_Pause size 0,2 offset 28
             _Wait_ms size 2,4 offset 12
         _Wait_ms size 2,4 offset 12
     _LCD_Move size 2,0 offset 8
         _LCD_Inst size 1,1 offset 10
     _LCD_Write size 1,1 offset 26
         _LCD_Strobe size 0,0 offset 28
     _Wait_ms size 2,4 offset 12
     ___lwtoft size 3,4 offset 8
         ___ftpack size 3,3 offset 26
     ___ftmul size 6,7 offset 8
         ___ftunpack size 4,4 offset 26
         ___ftpack size 3,3 offset 26
     ___fttol size 4,6 offset 8
         ___ftunpack size 4,4 offset 26
     ___ftsub size 6,0 offset 8
         ___ftadd size 6,6 offset 14
             ___ftunpack size 4,4 offset 26
             ___ftpack size 3,3 offset 26
     ___ftdiv size 6,8 offset 8
         ___ftunpack size 4,4 offset 26
         ___ftpack size 3,3 offset 26
*    _LCD_Out size 6,12 offset 8
         _LCD_Write size 1,1 offset 26
         ___almod size 8,3 offset 26
*        ___aldiv size 8,7 offset 26

Estimated maximum call depth: 4

*intlevel2 size 0,0 offset 41
*    _IntServe size 0,13 offset 41

Estimated maximum call depth: 1


                Name          Link     Load   Length Selector Space Scale
C:\Users\Reds2\AppData\Local\Temp\s13no.obj
                end_init       824      824       12     404     0
                init           818      818        C     404     0
                reset_vec      800      800        4     400     0
compare.obj     intcode        808      808       10     404     0
                smallcons     1000     1000       2C     800     0
                text15        2616     2616       14     816     0
                text16        225E     225E       AA     816     0
                text17        2030     2030      13E     816     0
                text12        1BDC     1BDC      188     816     0
                text13        16D2     16D2      1C4     816     0
                text14        241E     241E       7E     816     0
                text18        25E0     25E0       36     816     0
                text19        216E     216E       F0     816     0
                text11        25A4     25A4       3C     816     0
                text2         249C     249C       76     816     0
                text3         1896     1896      1B8     816     0
                text4         2560     2560       44     816     0
                text0         102C     102C      36C     816     0
                text1         1A4E     1A4E      18E     816     0
                text8         2308     2308       92     816     0
                text9         1398     1398      33A     816     0
                text10        2512     2512       4E     816     0
                text5         1EEC     1EEC      144     816     0
                text6         239A     239A       84     816     0
                text7         1D64     1D64      188     816     0

COMMON          param1         100      100       36     100     1

TOTAL           Name          Link     Load   Length  Space
        CLASS   CODE           
                end_init       824      824       12     0
                intcode        808      808       10     0
                init           818      818        C     0
                reset_vec      800      800        4     0
                text15        2616     2616       14     0
                text16        225E     225E       AA     0
                text17        2030     2030      13E     0
                text12        1BDC     1BDC      188     0
                text13        16D2     16D2      1C4     0
                text14        241E     241E       7E     0
                text18        25E0     25E0       36     0
                text19        216E     216E       F0     0
                text11        25A4     25A4       3C     0
                text2         249C     249C       76     0
                text3         1896     1896      1B8     0
                text4         2560     2560       44     0
                text0         102C     102C      36C     0
                text1         1A4E     1A4E      18E     0
                text8         2308     2308       92     0
                text9         1398     1398      33A     0
                text10        2512     2512       4E     0
                text5         1EEC     1EEC      144     0
                text6         239A     239A       84     0
                text7         1D64     1D64      188     0

        CLASS   CONST          

        CLASS   SMALLCONST     
                smallcons     1000     1000       2C     0

        CLASS   MEDIUMCONST    

        CLASS   RAM            

        CLASS   BIGRAM         

        CLASS   COMRAM         

        CLASS   ABS1           
                abs_s1           0        0        C     1

        CLASS   BANK0          

        CLASS   BANK1          
                param1         100      100       36     1

        CLASS   BANK2          

        CLASS   BANK3          

        CLASS   BANK4          

        CLASS   BANK5          

        CLASS   BANK6          

        CLASS   BANK7          

        CLASS   BANK8          

        CLASS   BANK9          

        CLASS   BANK10         

        CLASS   BANK11         

        CLASS   BANK12         

        CLASS   BANK13         

        CLASS   BANK14         

        CLASS   BANK15         

        CLASS   NVRAM          

        CLASS   FARRAM         

        CLASS   CONFIG         

        CLASS   IDLOC          

        CLASS   EEDATA         



SEGMENTS        Name           Load    Length   Top     Selector    Space Class

                param1          000100  000036  000136       100       1  BANK1   
                reset_vec       000800  000004  000804       400       0  CODE    
                intcode         000808  00002E  000836       404       0  CODE    
                smallconst      001000  00002C  00102C       800       0  SMALLCON
                idata           00102C  0015FE  00262A       816       0  CODE    


UNUSED ADDRESS RANGES

        BANK0            00000C-0000FF
        BANK1            000136-0001FF
        BANK10           000A00-000AFF
        BANK11           000B00-000BFF
        BANK12           000C00-000CFF
        BANK13           000D00-000DFF
        BANK14           000E00-000EFF
        BANK15           000F00-000F7F
        BANK2            000200-0002FF
        BANK3            000300-0003FF
        BANK4            000400-0004FF
        BANK5            000500-0005FF
        BANK6            000600-0006FF
        BANK7            000700-0007FF
        BANK8            000800-0008FF
        BANK9            000900-0009FF
        BIGRAM           00000C-0000FF
                         000136-000F7F
        CODE             000804-000807
                         000836-000FFF
                         00262A-00FFFF
        COMRAM           00000C-00007F
        CONFIG           300000-30000D
        CONST            000000-0007FF
                         000804-000807
                         000836-000FFF
                         00262A-00FFFF
        EEDATA           F00000-F003FF
        FARRAM           000000-000000
        IDLOC            200000-200007
        MEDIUMCONST      00262A-00FFFF
        NVRAM            000F00-000F7F
        RAM              00000C-0000FF
                         000136-000F7F
        SMALLCONST       00262A-00FFFF

                                  Symbol Table

??_IntServe         param1       000129
??_LCD_Init         param1       000108
??_LCD_Inst         param1       00010B
??_LCD_Move         param1       00010A
??_LCD_Out          param1       00010E
??_LCD_Pause        param1       00011C
??_LCD_Strobe       param1       00011C
??_LCD_Write        param1       00011B
??_Wait_ms          param1       00010E
??___aldiv          param1       000122
??___almod          param1       000122
??___ftadd          param1       000114
??___ftdiv          param1       00010E
??___ftmul          param1       00010E
??___ftpack         param1       00011D
??___ftsub          param1       00010E
??___fttol          param1       00010C
??___ftunpack       param1       00011E
??___lwtoft         param1       00010B
??_main             param1       000100
?_IntServe          param1       000129
?_LCD_Init          param1       000108
?_LCD_Inst          param1       00010A
?_LCD_Move          param1       000108
?_LCD_Out           param1       000108
?_LCD_Pause         param1       00011C
?_LCD_Strobe        param1       00011C
?_LCD_Write         param1       00011A
?_Wait_ms           param1       00010C
?___aldiv           param1       00011A
?___almod           param1       00011A
?___ftadd           param1       00010E
?___ftdiv           param1       000108
?___ftmul           param1       000108
?___ftpack          param1       00011A
?___ftsub           param1       000108
?___fttol           param1       000108
?___ftunpack        param1       00011A
?___lwtoft          param1       000108
?_main              param1       000100
LCD_Inst@c          param1       00010A
LCD_Move@Col        param1       000109
LCD_Move@Row        param1       000108
LCD_Out@A           param1       00010F
LCD_Out@D           param1       00010C
LCD_Out@DATA        param1       000108
LCD_Out@N           param1       00010D
LCD_Out@i           param1       00010E
LCD_Pause@x         param1       00011C
LCD_Write@c         param1       00011A
Wait_ms@X           param1       00010C
Wait_ms@i           param1       00010E
Wait_ms@j           param1       000110
_ADCON1             (abs)        000FC1
_CCP1CON            (abs)        000FBD
_CCP1IE             (abs)        007CEA
_CCP1IF             (abs)        007CF2
_CCP2CON            (abs)        000FBA
_CCP2IE             (abs)        007D00
_CCP2IF             (abs)        007D08
_CCPR1              (abs)        000FBE
_CCPR2              (abs)        000FBB
_GIE                (abs)        007F97
_IntServe           text19       00216E
_LCD_Init           text8        002308
_LCD_Inst           text10       002512
_LCD_Move           text6        00239A
_LCD_Out            text7        001D64
_LCD_Pause          text18       0025E0
_LCD_Strobe         text15       002616
_LCD_Write          text11       0025A4
_MSG0               smallconst   001001
_MSG1               smallconst   001016
_N1                 (abs)        00000A
_N2                 (abs)        000004
_PEIE               (abs)        007F96
_PORTD              (abs)        000F83
_RC0                (abs)        007C10
_RD1                (abs)        007C19
_RD2                (abs)        007C1A
_RD3                (abs)        007C1B
_T0CON              (abs)        000FD5
_T0CS               (abs)        007EAD
_T1CON              (abs)        000FCD
_TIME               (abs)        000006
_TIME0              (abs)        000000
_TIME1              (abs)        000002
_TMR0               (abs)        000FD6
_TMR0IE             (abs)        007F95
_TMR0IF             (abs)        007F92
_TMR0IP             (abs)        007F8A
_TMR0ON             (abs)        007EAF
_TMR1CS             (abs)        007E69
_TMR1IE             (abs)        007CE8
_TMR1IF             (abs)        007CF0
_TMR1IP             (abs)        007CF8
_TMR1ON             (abs)        007E68
_TRISA              (abs)        000F92
_TRISB              (abs)        000F93
_TRISC              (abs)        000F94
_TRISC1             (abs)        007CA1
_TRISC2             (abs)        007CA2
_TRISD              (abs)        000F95
_TRMT               (abs)        007D61
_TXREG              (abs)        000FAD
_Wait_ms            text14       00241E
__Bnvbit            nvbit        00000C
__Brbit             rbit         00000C
__HRAM              (abs)        000000
__Habsbss0          (abs)        00000C
__Hbigbss           bigbss       000136
__Hbigdata          bigdata      000136
__Hbss              bss          00000C
__Hclrtext          clrtext      00102C
__Hconfig           config       300000
__Hconst            const        00102C
__Hdata             data         00102C
__Heeprom_data      eeprom_data  F00000
__Hend_init         end_init     000836
__Hfarbss           farbss       000000
__Hfardata          fardata      000000
__Hibigdata         ibigdata     00102C
__Hidata            idata        00102C
__Hidloc            idloc        200000
__Hifardata         ifardata     00102C
__Hinit             init         000824
__Hintcode          intcode      000818
__Hintcodelo        intcodelo    000818
__Hintentry         intentry     00102C
__Hintret           intret       00102C
__Hintsave_regs     intsave_regs 000136
__Hirdata           irdata       00102C
__Hmediumconst      mediumconst  00102C
__Hnvbit            nvbit        000060
__Hnvram            nvram        00102C
__Hnvrram           nvrram       00000C
__Hparam            param1       000136
__Hparam0           param0       00102C
__Hparam1           param1       000136
__Hparam10          param10      00102C
__Hparam11          param11      00102C
__Hparam12          param12      00102C
__Hparam13          param13      00102C
__Hparam14          param14      00102C
__Hparam15          param15      00102C
__Hparam2           param2       00102C
__Hparam3           param3       00102C
__Hparam4           param4       00102C
__Hparam5           param5       00102C
__Hparam6           param6       00102C
__Hparam7           param7       00102C
__Hparam8           param8       00102C
__Hparam9           param9       00102C
__Hpowerup          powerup      000818
__Hramtop           ramtop       001000
__Hrbit             rbit         000060
__Hrbss             rbss         00000C
__Hrdata            rdata        00000C
__Hreset_vec        reset_vec    000804
__Hrparam           rparam       00102C
__Hsmallconst       smallconst   00102C
__Hstruct           struct       00000C
__Htemp             temp         00000C
__Htext             text         00102C
__Htext0            text0        00102C
__Htext1            text1        00102C
__Htext10           text10       00102C
__Htext11           text11       00102C
__Htext12           text12       00102C
__Htext13           text13       00102C
__Htext14           text14       00102C
__Htext15           text15       00102C
__Htext16           text16       00102C
__Htext17           text17       00102C
__Htext18           text18       00102C
__Htext19           text19       00102C
__Htext2            text2        00102C
__Htext3            text3        00102C
__Htext4            text4        00102C
__Htext5            text5        00102C
__Htext6            text6        00102C
__Htext7            text7        00102C
__Htext8            text8        00102C
__Htext9            text9        00102C
__LRAM              (abs)        000001
__Labsbss0          (abs)        000000
__Lbigbss           bigbss       000136
__Lbigdata          bigdata      000136
__Lbss              bss          00000C
__Lclrtext          clrtext      00102C
__Lconfig           config       300000
__Lconst            const        00102C
__Ldata             (abs)        000000
__Leeprom_data      eeprom_data  F00000
__Lend_init         end_init     000824
__Lfarbss           farbss       000000
__Lfardata          fardata      000000
__Libigdata         ibigdata     00102C
__Lidata            idata        00102C
__Lidloc            idloc        200000
__Lifardata         ifardata     00102C
__Linit             init         000818
__Lintcode          intcode      000808
__Lintcodelo        intcodelo    000818
__Lintentry         intentry     00102C
__Lintret           intret       00102C
__Lintsave_regs     intsave_regs 000136
__Lirdata           irdata       00102C
__Lmediumconst      mediumconst  00102C
__Lnvbit            nvbit        000060
__Lnvram            nvram        00102C
__Lnvrram           nvrram       00000C
__Lparam            param1       000100
__Lparam0           param0       00102C
__Lparam1           param1       000100
__Lparam10          param10      00102C
__Lparam11          param11      00102C
__Lparam12          param12      00102C
__Lparam13          param13      00102C
__Lparam14          param14      00102C
__Lparam15          param15      00102C
__Lparam2           param2       00102C
__Lparam3           param3       00102C
__Lparam4           param4       00102C
__Lparam5           param5       00102C
__Lparam6           param6       00102C
__Lparam7           param7       00102C
__Lparam8           param8       00102C
__Lparam9           param9       00102C
__Lpowerup          powerup      000818
__Lramtop           ramtop       001000
__Lrbit             rbit         000060
__Lrbss             rbss         00000C
__Lrdata            rdata        00000C
__Lreset_vec        reset_vec    000800
__Lrparam           rparam       00102C
__Lsmallconst       smallconst   001000
__Lstruct           struct       00000C
__Ltemp             temp         00000C
__Ltext             text         00102C
__Ltext0            text0        00102C
__Ltext1            text1        00102C
__Ltext10           text10       00102C
__Ltext11           text11       00102C
__Ltext12           text12       00102C
__Ltext13           text13       00102C
__Ltext14           text14       00102C
__Ltext15           text15       00102C
__Ltext16           text16       00102C
__Ltext17           text17       00102C
__Ltext18           text18       00102C
__Ltext19           text19       00102C
__Ltext2            text2        00102C
__Ltext3            text3        00102C
__Ltext4            text4        00102C
__Ltext5            text5        00102C
__Ltext6            text6        00102C
__Ltext7            text7        00102C
__Ltext8            text8        00102C
__Ltext9            text9        00102C
__S0                (abs)        F00000
__S1                (abs)        000F00
___aldiv            text13       0016D2
___aldiv@counter    param1       000122
___aldiv@dividend   param1       00011A
___aldiv@divisor    param1       00011E
___aldiv@quotient   param1       000124
___aldiv@sign       param1       000123
___almod            text12       001BDC
___almod@counter    param1       000123
___almod@dividend   param1       00011A
___almod@divisor    param1       00011E
___almod@sign       param1       000122
___ftadd            text9        001398
___ftadd@cntr       param1       000115
___ftadd@exp1       param1       000118
___ftadd@exp2       param1       000117
___ftadd@f1         param1       00010E
___ftadd@f2         param1       000111
___ftadd@sign1      param1       000116
___ftadd@sign2      param1       000114
___ftdiv            text1        001A4E
___ftdiv@exp1       param1       000110
___ftdiv@exp2       param1       00010E
___ftdiv@f1         param1       000108
___ftdiv@f2         param1       00010B
___ftdiv@f3         param1       000112
___ftdiv@sign1      param1       00010F
___ftdiv@sign2      param1       000111
___ftmul            text3        001896
___ftmul@cntr       param1       000110
___ftmul@exp1       param1       00010F
___ftmul@f1         param1       000108
___ftmul@f2         param1       00010B
___ftmul@f3         param1       000111
___ftmul@sign1      param1       00010E
___ftpack           text17       002030
___ftpack@arg       param1       00011A
___ftpack@exp       param1       00011C
___ftsub            text4        002560
___ftsub@f1         param1       000108
___ftsub@f2         param1       00010B
___fttol            text5        001EEC
___fttol@exp1       param1       00010D
___fttol@f1         param1       000108
___fttol@lval       param1       00010E
___fttol@sign1      param1       00010C
___ftunpack         text16       00225E
___ftunpack@arg     param1       00011A
___ftunpack@exp     param1       00011C
___ftunpack@sign    param1       00011E
___lwtoft           text2        00249C
___lwtoft@c         param1       000108
___lwtoft@f1        param1       00010B
__accesstop         (abs)        000080
__activetblptr      (abs)        000003
__end_of_IntServe   text19       00225E
__end_of_LCD_Init   text8        00239A
__end_of_LCD_Inst   text10       002560
__end_of_LCD_Move   text6        00241E
__end_of_LCD_Out    text7        001EEC
__end_of_LCD_Pause  text18       002616
__end_of_LCD_Strobe text15       00262A
__end_of_LCD_Write  text11       0025E0
__end_of_Wait_ms    text14       00249C
__end_of___aldiv    text13       001896
__end_of___almod    text12       001D64
__end_of___ftadd    text9        0016D2
__end_of___ftdiv    text1        001BDC
__end_of___ftmul    text3        001A4E
__end_of___ftpack   text17       00216E
__end_of___ftsub    text4        0025A4
__end_of___fttol    text5        002030
__end_of___ftunpack text16       002308
__end_of___lwtoft   text2        002512
__end_of_main       text0        001398
__mediumconst       mediumconst  00102C
__ramtop            ramtop       001000
__smallconst        smallconst   001000
_exit               init         000818
_main               text0        00102C
int_func            intcode      000808
intlevel0           text         00262A
intlevel1           text         00262A
intlevel2           text         00262A
intlevel3           text         00262A
main@Hz             param1       000100
main@i              param1       000104
main@mm             param1       000102
start               init         000818
