HI-TECH Software C Compiler 

Linker command line:

\
  --edf=C:\Program Files (x86)\HI-TECH Software\PICC-18\PRO\9.63\dat\en_msgs.txt \
  -cs -h+hw9.sym -z -Q18F4620 -ol.obj -Mhw9.map -E1 -ACODE=0800h-0FFFFh \
  -ACONST=00h-0FFFFh -ASMALLCONST=01000h-010FFhx240 \
  -AMEDIUMCONST=01000h-0FFFFh -ARAM=00h-0FFhx15,0F00h-0F7Fh \
  -ABIGRAM=00h-0F7Fh -ACOMRAM=00h-07Fh -AABS1=00h-0F7Fh -ABANK0=00h-0FFh \
  -ABANK1=0100h-01FFh -ABANK2=0200h-02FFh -ABANK3=0300h-03FFh \
  -ABANK4=0400h-04FFh -ABANK5=0500h-05FFh -ABANK6=0600h-06FFh \
  -ABANK7=0700h-07FFh -ABANK8=0800h-08FFh -ABANK9=0900h-09FFh \
  -ABANK10=0A00h-0AFFh -ABANK11=0B00h-0BFFh -ABANK12=0C00h-0CFFh \
  -ABANK13=0D00h-0DFFh -ABANK14=0E00h-0EFFh -ABANK15=0F00h-0F7Fh \
  -ANVRAM=0F00h-0F7Fh \
  -preset_vec=0800h,intcode=0808h,intcodelo,powerup,init,end_init \
  -pramtop=01000h -psmallconst=SMALLCONST -pmediumconst=MEDIUMCONST \
  -pconst=CONST -pparam1=BANK1 -AFARRAM=00h-00h -ACONFIG=0300000h-030000Dh \
  -pconfig=CONFIG -AIDLOC=0200000h-0200007h -pidloc=IDLOC \
  -AEEDATA=0F00000h-0F003FFh -peeprom_data=EEDATA \
  -prdata=COMRAM,nvrram=COMRAM,nvbit=COMRAM,rbss=COMRAM,rbit=COMRAM \
  -pfarbss=FARRAM,fardata=FARRAM \
  -pintsave_regs=BIGRAM,bigbss=BIGRAM,bigdata=BIGRAM -pbss=RAM \
  -pidata=CODE,irdata=CODE,ibigdata=CODE,ifardata=CODE \
  C:\Users\Reds2\AppData\Local\Temp\so6s.obj hw9.obj 

Object code version is 3.10

Machine type is 18F4620

Call graph: (short form)

*_main size 0,11 offset 0
     _LCD_Init size 0,1 offset 11
         _LCD_Inst size 1,1 offset 13
             _LCD_Strobe size 0,0 offset 31
                 _LCD_Pause size 0,2 offset 31
             _Wait_ms size 2,4 offset 15
         _Wait_ms size 2,4 offset 15
     _LCD_Move size 2,0 offset 11
         _LCD_Inst size 1,1 offset 13
     _LCD_Write size 1,1 offset 29
         _LCD_Strobe size 0,0 offset 31
     _Wait_ms size 2,4 offset 15
*    _LCD_Out size 6,12 offset 11
         _LCD_Write size 1,1 offset 29
         ___almod size 8,3 offset 29
*        ___aldiv size 8,7 offset 29

Estimated maximum call depth: 4

*intlevel2 size 0,0 offset 44
*    _IntServe size 0,15 offset 44

Estimated maximum call depth: 1


                Name          Link     Load   Length Selector Space Scale
C:\Users\Reds2\AppData\Local\Temp\so6s.obj
                end_init       824      824       12     404     0
                init           818      818        C     404     0
                reset_vec      800      800        4     400     0
hw9.obj         intcode        808      808       10     404     0
                smallcons     1000     1000       34     800     0
                text10        1CEC     1CEC       36     81A     0
                text11        1A1C     1A1C       B2     81A     0
                text8         1D22     1D22       14     81A     0
                text9         1BE4     1BE4       7E     81A     0
                text7         1894     1894      188     81A     0
                text1         1B60     1B60       84     81A     0
                text2         170C     170C      188     81A     0
                text0         1034     1034      514     81A     0
                text5         1C62     1C62       4E     81A     0
                text6         1548     1548      1C4     81A     0
                text3         1ACE     1ACE       92     81A     0
                text4         1CB0     1CB0       3C     81A     0

COMMON          param1         100      100       3B     100     1

TOTAL           Name          Link     Load   Length  Space
        CLASS   CODE           
                end_init       824      824       12     0
                intcode        808      808       10     0
                init           818      818        C     0
                reset_vec      800      800        4     0
                text10        1CEC     1CEC       36     0
                text11        1A1C     1A1C       B2     0
                text8         1D22     1D22       14     0
                text9         1BE4     1BE4       7E     0
                text7         1894     1894      188     0
                text1         1B60     1B60       84     0
                text2         170C     170C      188     0
                text0         1034     1034      514     0
                text5         1C62     1C62       4E     0
                text6         1548     1548      1C4     0
                text3         1ACE     1ACE       92     0
                text4         1CB0     1CB0       3C     0

        CLASS   CONST          

        CLASS   SMALLCONST     
                smallcons     1000     1000       34     0

        CLASS   MEDIUMCONST    

        CLASS   RAM            

        CLASS   BIGRAM         

        CLASS   COMRAM         

        CLASS   ABS1           
                abs_s1           0        0        8     1

        CLASS   BANK0          

        CLASS   BANK1          
                param1         100      100       3B     1

        CLASS   BANK2          

        CLASS   BANK3          

        CLASS   BANK4          

        CLASS   BANK5          

        CLASS   BANK6          

        CLASS   BANK7          

        CLASS   BANK8          

        CLASS   BANK9          

        CLASS   BANK10         

        CLASS   BANK11         

        CLASS   BANK12         

        CLASS   BANK13         

        CLASS   BANK14         

        CLASS   BANK15         

        CLASS   NVRAM          

        CLASS   FARRAM         

        CLASS   CONFIG         

        CLASS   IDLOC          

        CLASS   EEDATA         



SEGMENTS        Name           Load    Length   Top     Selector    Space Class

                param1          000100  00003B  00013B       100       1  BANK1   
                reset_vec       000800  000004  000804       400       0  CODE    
                intcode         000808  00002E  000836       404       0  CODE    
                smallconst      001000  000034  001034       800       0  SMALLCON
                idata           001034  000D02  001D36       81A       0  CODE    


UNUSED ADDRESS RANGES

        BANK0            000008-0000FF
        BANK1            00013B-0001FF
        BANK10           000A00-000AFF
        BANK11           000B00-000BFF
        BANK12           000C00-000CFF
        BANK13           000D00-000DFF
        BANK14           000E00-000EFF
        BANK15           000F00-000F7F
        BANK2            000200-0002FF
        BANK3            000300-0003FF
        BANK4            000400-0004FF
        BANK5            000500-0005FF
        BANK6            000600-0006FF
        BANK7            000700-0007FF
        BANK8            000800-0008FF
        BANK9            000900-0009FF
        BIGRAM           000008-0000FF
                         00013B-000F7F
        CODE             000804-000807
                         000836-000FFF
                         001D36-00FFFF
        COMRAM           000008-00007F
        CONFIG           300000-30000D
        CONST            000000-0007FF
                         000804-000807
                         000836-000FFF
                         001D36-00FFFF
        EEDATA           F00000-F003FF
        FARRAM           000000-000000
        IDLOC            200000-200007
        MEDIUMCONST      001D36-00FFFF
        NVRAM            000F00-000F7F
        RAM              000008-0000FF
                         00013B-000F7F
        SMALLCONST       001D36-00FFFF

                                  Symbol Table

??_IntServe         param1       00012C
??_LCD_Init         param1       00010B
??_LCD_Inst         param1       00010E
??_LCD_Move         param1       00010D
??_LCD_Out          param1       000111
??_LCD_Pause        param1       00011F
??_LCD_Strobe       param1       00011F
??_LCD_Write        param1       00011E
??_Wait_ms          param1       000111
??___aldiv          param1       000125
??___almod          param1       000125
??_main             param1       000100
?_IntServe          param1       00012C
?_LCD_Init          param1       00010B
?_LCD_Inst          param1       00010D
?_LCD_Move          param1       00010B
?_LCD_Out           param1       00010B
?_LCD_Pause         param1       00011F
?_LCD_Strobe        param1       00011F
?_LCD_Write         param1       00011D
?_Wait_ms           param1       00010F
?___aldiv           param1       00011D
?___almod           param1       00011D
?_main              param1       000100
LCD_Inst@c          param1       00010D
LCD_Move@Col        param1       00010C
LCD_Move@Row        param1       00010B
LCD_Out@A           param1       000112
LCD_Out@D           param1       00010F
LCD_Out@DATA        param1       00010B
LCD_Out@N           param1       000110
LCD_Out@i           param1       000111
LCD_Pause@x         param1       00011F
LCD_Write@c         param1       00011D
Wait_ms@X           param1       00010F
Wait_ms@i           param1       000111
Wait_ms@j           param1       000113
_ADCON1             (abs)        000FC1
_C4                 smallconst   00102B
_DURATION           (abs)        000002
_E4                 smallconst   00102D
_G3                 smallconst   00102F
_G4                 smallconst   001031
_GIE                (abs)        007F97
_IntServe           text11       001A1C
_LCD_Init           text3        001ACE
_LCD_Inst           text5        001C62
_LCD_Move           text1        001B60
_LCD_Out            text2        00170C
_LCD_Pause          text10       001CEC
_LCD_Strobe         text8        001D22
_LCD_Write          text4        001CB0
_MSG0               smallconst   001001
_MSG1               smallconst   001016
_PEIE               (abs)        007F96
_PLAY               (abs)        000000
_PORTD              (abs)        000F83
_PR2                (abs)        000FCB
_RB0                (abs)        007C08
_RC0                (abs)        007C10
_RD1                (abs)        007C19
_RD2                (abs)        007C1A
_RD3                (abs)        007C1B
_T1CON              (abs)        000FCD
_T2CON              (abs)        000FCA
_TIME               (abs)        000004
_TMR0               (abs)        000FD6
_TMR1               (abs)        000FCE
_TMR1CS             (abs)        007E69
_TMR1IE             (abs)        007CE8
_TMR1IF             (abs)        007CF0
_TMR1IP             (abs)        007CF8
_TMR1ON             (abs)        007E68
_TMR2IE             (abs)        007CE9
_TMR2IF             (abs)        007CF1
_TMR2IP             (abs)        007CF9
_TMR2ON             (abs)        007E52
_TRISA              (abs)        000F92
_TRISB              (abs)        000F93
_TRISC              (abs)        000F94
_TRISD              (abs)        000F95
_TRISE              (abs)        000F96
_TRMT               (abs)        007D61
_TXREG              (abs)        000FAD
_Wait_ms            text9        001BE4
__Bnvbit            nvbit        000008
__Brbit             rbit         000008
__HRAM              (abs)        000000
__Habsbss0          (abs)        000008
__Hbigbss           bigbss       00013B
__Hbigdata          bigdata      00013B
__Hbss              bss          000008
__Hclrtext          clrtext      001034
__Hconfig           config       300000
__Hconst            const        001034
__Hdata             data         001034
__Heeprom_data      eeprom_data  F00000
__Hend_init         end_init     000836
__Hfarbss           farbss       000000
__Hfardata          fardata      000000
__Hibigdata         ibigdata     001034
__Hidata            idata        001034
__Hidloc            idloc        200000
__Hifardata         ifardata     001034
__Hinit             init         000824
__Hintcode          intcode      000818
__Hintcodelo        intcodelo    000818
__Hintentry         intentry     001034
__Hintret           intret       001034
__Hintsave_regs     intsave_regs 00013B
__Hirdata           irdata       001034
__Hmediumconst      mediumconst  001034
__Hnvbit            nvbit        000040
__Hnvram            nvram        001034
__Hnvrram           nvrram       000008
__Hparam            param1       00013B
__Hparam0           param0       001034
__Hparam1           param1       00013B
__Hparam10          param10      001034
__Hparam11          param11      001034
__Hparam12          param12      001034
__Hparam13          param13      001034
__Hparam14          param14      001034
__Hparam15          param15      001034
__Hparam2           param2       001034
__Hparam3           param3       001034
__Hparam4           param4       001034
__Hparam5           param5       001034
__Hparam6           param6       001034
__Hparam7           param7       001034
__Hparam8           param8       001034
__Hparam9           param9       001034
__Hpowerup          powerup      000818
__Hramtop           ramtop       001000
__Hrbit             rbit         000040
__Hrbss             rbss         000008
__Hrdata            rdata        000008
__Hreset_vec        reset_vec    000804
__Hrparam           rparam       001034
__Hsmallconst       smallconst   001034
__Hstruct           struct       000008
__Htemp             temp         000008
__Htext             text         001034
__Htext0            text0        001034
__Htext1            text1        001034
__Htext10           text10       001034
__Htext11           text11       001034
__Htext2            text2        001034
__Htext3            text3        001034
__Htext4            text4        001034
__Htext5            text5        001034
__Htext6            text6        001034
__Htext7            text7        001034
__Htext8            text8        001034
__Htext9            text9        001034
__LRAM              (abs)        000001
__Labsbss0          (abs)        000000
__Lbigbss           bigbss       00013B
__Lbigdata          bigdata      00013B
__Lbss              bss          000008
__Lclrtext          clrtext      001034
__Lconfig           config       300000
__Lconst            const        001034
__Ldata             (abs)        000000
__Leeprom_data      eeprom_data  F00000
__Lend_init         end_init     000824
__Lfarbss           farbss       000000
__Lfardata          fardata      000000
__Libigdata         ibigdata     001034
__Lidata            idata        001034
__Lidloc            idloc        200000
__Lifardata         ifardata     001034
__Linit             init         000818
__Lintcode          intcode      000808
__Lintcodelo        intcodelo    000818
__Lintentry         intentry     001034
__Lintret           intret       001034
__Lintsave_regs     intsave_regs 00013B
__Lirdata           irdata       001034
__Lmediumconst      mediumconst  001034
__Lnvbit            nvbit        000040
__Lnvram            nvram        001034
__Lnvrram           nvrram       000008
__Lparam            param1       000100
__Lparam0           param0       001034
__Lparam1           param1       000100
__Lparam10          param10      001034
__Lparam11          param11      001034
__Lparam12          param12      001034
__Lparam13          param13      001034
__Lparam14          param14      001034
__Lparam15          param15      001034
__Lparam2           param2       001034
__Lparam3           param3       001034
__Lparam4           param4       001034
__Lparam5           param5       001034
__Lparam6           param6       001034
__Lparam7           param7       001034
__Lparam8           param8       001034
__Lparam9           param9       001034
__Lpowerup          powerup      000818
__Lramtop           ramtop       001000
__Lrbit             rbit         000040
__Lrbss             rbss         000008
__Lrdata            rdata        000008
__Lreset_vec        reset_vec    000800
__Lrparam           rparam       001034
__Lsmallconst       smallconst   001000
__Lstruct           struct       000008
__Ltemp             temp         000008
__Ltext             text         001034
__Ltext0            text0        001034
__Ltext1            text1        001034
__Ltext10           text10       001034
__Ltext11           text11       001034
__Ltext2            text2        001034
__Ltext3            text3        001034
__Ltext4            text4        001034
__Ltext5            text5        001034
__Ltext6            text6        001034
__Ltext7            text7        001034
__Ltext8            text8        001034
__Ltext9            text9        001034
__S0                (abs)        F00000
__S1                (abs)        000F00
___aldiv            text6        001548
___aldiv@counter    param1       000125
___aldiv@dividend   param1       00011D
___aldiv@divisor    param1       000121
___aldiv@quotient   param1       000127
___aldiv@sign       param1       000126
___almod            text7        001894
___almod@counter    param1       000126
___almod@dividend   param1       00011D
___almod@divisor    param1       000121
___almod@sign       param1       000125
__accesstop         (abs)        000080
__activetblptr      (abs)        000003
__end_of_IntServe   text11       001ACE
__end_of_LCD_Init   text3        001B60
__end_of_LCD_Inst   text5        001CB0
__end_of_LCD_Move   text1        001BE4
__end_of_LCD_Out    text2        001894
__end_of_LCD_Pause  text10       001D22
__end_of_LCD_Strobe text8        001D36
__end_of_LCD_Write  text4        001CEC
__end_of_Wait_ms    text9        001C62
__end_of___aldiv    text6        00170C
__end_of___almod    text7        001A1C
__end_of_main       text0        001548
__mediumconst       mediumconst  001034
__ramtop            ramtop       001000
__smallconst        smallconst   001000
_exit               init         000818
_main               text0        001034
int_func            intcode      000808
intlevel0           text         001D36
intlevel1           text         001D36
intlevel2           text         001D36
intlevel3           text         001D36
main@TIME1          param1       000101
main@TIME2          param1       000105
main@i              param1       000100
start               init         000818
