HI-TECH Software C Compiler 

Linker command line:

\
  --edf=C:\Program Files (x86)\HI-TECH Software\PICC-18\PRO\9.63\dat\en_msgs.txt \
  -cs -h+stepper.sym -z -Q18F4620 -ol.obj -Mstepper.map -E1 \
  -ACODE=0800h-0FFFFh -ACONST=00h-0FFFFh -ASMALLCONST=01000h-010FFhx240 \
  -AMEDIUMCONST=01000h-0FFFFh -ARAM=00h-0FFhx15,0F00h-0F7Fh \
  -ABIGRAM=00h-0F7Fh -ACOMRAM=00h-07Fh -AABS1=00h-0F7Fh -ABANK0=00h-0FFh \
  -ABANK1=0100h-01FFh -ABANK2=0200h-02FFh -ABANK3=0300h-03FFh \
  -ABANK4=0400h-04FFh -ABANK5=0500h-05FFh -ABANK6=0600h-06FFh \
  -ABANK7=0700h-07FFh -ABANK8=0800h-08FFh -ABANK9=0900h-09FFh \
  -ABANK10=0A00h-0AFFh -ABANK11=0B00h-0BFFh -ABANK12=0C00h-0CFFh \
  -ABANK13=0D00h-0DFFh -ABANK14=0E00h-0EFFh -ABANK15=0F00h-0F7Fh \
  -ANVRAM=0F00h-0F7Fh \
  -preset_vec=0800h,intcode,intcodelo,powerup,init,end_init -pramtop=01000h \
  -psmallconst=SMALLCONST -pmediumconst=MEDIUMCONST -pconst=CONST \
  -pparam0=BANK0 -AFARRAM=00h-00h -ACONFIG=0300000h-030000Dh \
  -pconfig=CONFIG -AIDLOC=0200000h-0200007h -pidloc=IDLOC \
  -AEEDATA=0F00000h-0F003FFh -peeprom_data=EEDATA \
  -prdata=COMRAM,nvrram=COMRAM,nvbit=COMRAM,rbss=COMRAM,rbit=COMRAM \
  -pfarbss=FARRAM,fardata=FARRAM \
  -pintsave_regs=BIGRAM,bigbss=BIGRAM,bigdata=BIGRAM -pbss=RAM \
  -pidata=CODE,irdata=CODE,ibigdata=CODE,ifardata=CODE \
  C:\Users\Reds2\AppData\Local\Temp\s152g.obj stepper.obj 

Object code version is 3.10

Machine type is 18F4620

Call graph: (short form)

*_main size 0,16 offset 0
     _LCD_Init size 0,1 offset 16
         _LCD_Inst size 1,1 offset 18
             _LCD_Strobe size 0,0 offset 36
                 _LCD_Pause size 0,2 offset 36
             _Wait_ms size 2,4 offset 20
         _Wait_ms size 2,4 offset 20
     _LCD_Move size 2,0 offset 16
         _LCD_Inst size 1,1 offset 18
     _LCD_Write size 1,1 offset 34
         _LCD_Strobe size 0,0 offset 36
     _Wait_ms size 2,4 offset 20
     _A2D_Read size 2,2 offset 16
     ___lwtoft size 3,4 offset 16
         ___ftpack size 3,3 offset 30
     ___ftdiv size 6,8 offset 16
         ___ftunpack size 4,4 offset 30
         ___ftpack size 3,3 offset 30
     ___ftadd size 6,6 offset 16
         ___ftunpack size 4,4 offset 30
         ___ftpack size 3,3 offset 30
     ___fttol size 4,6 offset 16
         ___ftunpack size 4,4 offset 30
     ___wmul size 4,2 offset 16
*    _LCD_Out size 6,12 offset 16
         _LCD_Write size 1,1 offset 34
         ___almod size 8,3 offset 34
*        ___aldiv size 8,7 offset 34

Estimated maximum call depth: 4


                Name          Link     Load   Length Selector Space Scale
C:\Users\Reds2\AppData\Local\Temp\s152g.obj
                init           800      800        4     400     0
stepper.obj     smallcons     1000     1000       1C     800     0
                text14        2576     2576       3C     80E     0
                text15        219E     219E       AA     80E     0
                text13        2060     2060      13E     80E     0
                text11        2528     2528       4E     80E     0
                text12        1D94     1D94      188     80E     0
                text16        25E8     25E8       14     80E     0
                text17        235E     235E       7E     80E     0
                text18        25B2     25B2       36     80E     0
                text10        18BA     18BA      1C4     80E     0
                text2         23DC     23DC       76     80E     0
                text3         2452     2452       70     80E     0
                text1         1A7E     1A7E      18E     80E     0
                text0         101C     101C      564     80E     0
                text4         1580     1580      33A     80E     0
                text8         2248     2248       92     80E     0
                text9         22DA     22DA       84     80E     0
                text7         1F1C     1F1C      144     80E     0
                text5         1C0C     1C0C      188     80E     0
                text6         24C2     24C2       66     80E     0

COMMON          param0          CF       CF       31      CF     1

TOTAL           Name          Link     Load   Length  Space
        CLASS   CODE           
                init           800      800        4     0
                text14        2576     2576       3C     0
                text15        219E     219E       AA     0
                text13        2060     2060      13E     0
                text11        2528     2528       4E     0
                text12        1D94     1D94      188     0
                text16        25E8     25E8       14     0
                text17        235E     235E       7E     0
                text18        25B2     25B2       36     0
                text10        18BA     18BA      1C4     0
                text2         23DC     23DC       76     0
                text3         2452     2452       70     0
                text1         1A7E     1A7E      18E     0
                text0         101C     101C      564     0
                text4         1580     1580      33A     0
                text8         2248     2248       92     0
                text9         22DA     22DA       84     0
                text7         1F1C     1F1C      144     0
                text5         1C0C     1C0C      188     0
                text6         24C2     24C2       66     0

        CLASS   CONST          

        CLASS   SMALLCONST     
                smallcons     1000     1000       1C     0

        CLASS   MEDIUMCONST    

        CLASS   RAM            

        CLASS   BIGRAM         

        CLASS   COMRAM         

        CLASS   ABS1           

        CLASS   BANK0          
                param0          CF       CF       31     1

        CLASS   BANK1          

        CLASS   BANK2          

        CLASS   BANK3          

        CLASS   BANK4          

        CLASS   BANK5          

        CLASS   BANK6          

        CLASS   BANK7          

        CLASS   BANK8          

        CLASS   BANK9          

        CLASS   BANK10         

        CLASS   BANK11         

        CLASS   BANK12         

        CLASS   BANK13         

        CLASS   BANK14         

        CLASS   BANK15         

        CLASS   NVRAM          

        CLASS   FARRAM         

        CLASS   CONFIG         

        CLASS   IDLOC          

        CLASS   EEDATA         



SEGMENTS        Name           Load    Length   Top     Selector    Space Class

                param0          0000CF  000031  000100        CF       1  BANK0   
                reset_vec       000800  000004  000804       400       0  CODE    
                smallconst      001000  00001C  00101C       800       0  SMALLCON
                idata           00101C  0015E0  0025FC       80E       0  CODE    


UNUSED ADDRESS RANGES

        BANK0            000000-0000CE
        BANK1            000100-0001FF
        BANK10           000A00-000AFF
        BANK11           000B00-000BFF
        BANK12           000C00-000CFF
        BANK13           000D00-000DFF
        BANK14           000E00-000EFF
        BANK15           000F00-000F7F
        BANK2            000200-0002FF
        BANK3            000300-0003FF
        BANK4            000400-0004FF
        BANK5            000500-0005FF
        BANK6            000600-0006FF
        BANK7            000700-0007FF
        BANK8            000800-0008FF
        BANK9            000900-0009FF
        BIGRAM           000000-0000CE
                         000100-000F7F
        CODE             000804-000FFF
                         0025FC-00FFFF
        COMRAM           000000-00007F
        CONFIG           300000-30000D
        CONST            000000-0007FF
                         000804-000FFF
                         0025FC-00FFFF
        EEDATA           F00000-F003FF
        FARRAM           000000-000000
        IDLOC            200000-200007
        MEDIUMCONST      0025FC-00FFFF
        NVRAM            000F00-000F7F
        RAM              000000-0000CE
                         000100-000F7F
        SMALLCONST       0025FC-00FFFF

                                  Symbol Table

??_A2D_Read          param0       0000E1
??_LCD_Init          param0       0000DF
??_LCD_Inst          param0       0000E2
??_LCD_Move          param0       0000E1
??_LCD_Out           param0       0000E5
??_LCD_Pause         param0       0000F3
??_LCD_Strobe        param0       0000F3
??_LCD_Write         param0       0000F2
??_Wait_ms           param0       0000E5
??___aldiv           param0       0000F9
??___almod           param0       0000F9
??___ftadd           param0       0000E5
??___ftdiv           param0       0000E5
??___ftpack          param0       0000F0
??___fttol           param0       0000E3
??___ftunpack        param0       0000F1
??___lwtoft          param0       0000E2
??___wmul            param0       0000E3
??_main              param0       0000CF
?_A2D_Read           param0       0000DF
?_LCD_Init           param0       0000DF
?_LCD_Inst           param0       0000E1
?_LCD_Move           param0       0000DF
?_LCD_Out            param0       0000DF
?_LCD_Pause          param0       0000F3
?_LCD_Strobe         param0       0000F3
?_LCD_Write          param0       0000F1
?_Wait_ms            param0       0000E3
?___aldiv            param0       0000F1
?___almod            param0       0000F1
?___ftadd            param0       0000DF
?___ftdiv            param0       0000DF
?___ftpack           param0       0000ED
?___fttol            param0       0000DF
?___ftunpack         param0       0000ED
?___lwtoft           param0       0000DF
?___wmul             param0       0000DF
?_main               param0       0000CF
A2D_Read@c           param0       0000DF
A2D_Read@i           param0       0000E1
LCD_Inst@c           param0       0000E1
LCD_Move@Col         param0       0000E0
LCD_Move@Row         param0       0000DF
LCD_Out@A            param0       0000E6
LCD_Out@D            param0       0000E3
LCD_Out@DATA         param0       0000DF
LCD_Out@N            param0       0000E4
LCD_Out@i            param0       0000E5
LCD_Pause@x          param0       0000F3
LCD_Write@c          param0       0000F1
Wait_ms@X            param0       0000E3
Wait_ms@i            param0       0000E5
Wait_ms@j            param0       0000E7
_A2D_Read            text3        002452
_ADCON0              (abs)        000FC2
_ADCON1              (abs)        000FC1
_ADCON2              (abs)        000FC0
_ADRES               (abs)        000FC3
_GODONE              (abs)        007E11
_LCD_Init            text8        002248
_LCD_Inst            text11       002528
_LCD_Move            text9        0022DA
_LCD_Out             text5        001C0C
_LCD_Pause           text18       0025B2
_LCD_Strobe          text16       0025E8
_LCD_Write           text14       002576
_MSG0                smallconst   001001
_PORTC               (abs)        000F82
_PORTD               (abs)        000F83
_RB0                 (abs)        007C08
_RB1                 (abs)        007C09
_RD1                 (abs)        007C19
_RD2                 (abs)        007C1A
_RD3                 (abs)        007C1B
_TABLE               smallconst   001016
_TRISA               (abs)        000F92
_TRISB               (abs)        000F93
_TRISC               (abs)        000F94
_TRISD               (abs)        000F95
_TRISE               (abs)        000F96
_TRMT                (abs)        007D61
_TXREG               (abs)        000FAD
_Wait_ms             text17       00235E
__HRAM               (abs)        000000
__Hbigbss            bigbss       000100
__Hbigdata           bigdata      000100
__Hbss               bss          000000
__Hclrtext           clrtext      00101C
__Hconfig            config       300000
__Hconst             const        00101C
__Hdata              data         00101C
__Heeprom_data       eeprom_data  F00000
__Hend_init          end_init     000804
__Hfarbss            farbss       000000
__Hfardata           fardata      000000
__Hibigdata          ibigdata     00101C
__Hidata             idata        00101C
__Hidloc             idloc        200000
__Hifardata          ifardata     00101C
__Hinit              init         000804
__Hintcode           intcode      000800
__Hintcodelo         intcodelo    000800
__Hintentry          intentry     00101C
__Hintret            intret       00101C
__Hintsave_regs      intsave_regs 000100
__Hirdata            irdata       00101C
__Hmediumconst       mediumconst  00101C
__Hnvbit             nvbit        000000
__Hnvram             nvram        00101C
__Hnvrram            nvrram       000000
__Hparam             param0       000100
__Hparam0            param0       000100
__Hparam1            param1       00101C
__Hparam10           param10      00101C
__Hparam11           param11      00101C
__Hparam12           param12      00101C
__Hparam13           param13      00101C
__Hparam14           param14      00101C
__Hparam15           param15      00101C
__Hparam2            param2       00101C
__Hparam3            param3       00101C
__Hparam4            param4       00101C
__Hparam5            param5       00101C
__Hparam6            param6       00101C
__Hparam7            param7       00101C
__Hparam8            param8       00101C
__Hparam9            param9       00101C
__Hpowerup           powerup      000800
__Hramtop            ramtop       001000
__Hrbit              rbit         000000
__Hrbss              rbss         000000
__Hrdata             rdata        000000
__Hreset_vec         reset_vec    000800
__Hrparam            rparam       00101C
__Hsmallconst        smallconst   00101C
__Hstruct            struct       000000
__Htemp              temp         000000
__Htext              text         00101C
__Htext0             text0        00101C
__Htext1             text1        00101C
__Htext10            text10       00101C
__Htext11            text11       00101C
__Htext12            text12       00101C
__Htext13            text13       00101C
__Htext14            text14       00101C
__Htext15            text15       00101C
__Htext16            text16       00101C
__Htext17            text17       00101C
__Htext18            text18       00101C
__Htext2             text2        00101C
__Htext3             text3        00101C
__Htext4             text4        00101C
__Htext5             text5        00101C
__Htext6             text6        00101C
__Htext7             text7        00101C
__Htext8             text8        00101C
__Htext9             text9        00101C
__LRAM               (abs)        000001
__Lbigbss            bigbss       000100
__Lbigdata           bigdata      000100
__Lbss               bss          000000
__Lclrtext           clrtext      00101C
__Lconfig            config       300000
__Lconst             const        00101C
__Ldata              (abs)        000000
__Leeprom_data       eeprom_data  F00000
__Lend_init          end_init     000804
__Lfarbss            farbss       000000
__Lfardata           fardata      000000
__Libigdata          ibigdata     00101C
__Lidata             idata        00101C
__Lidloc             idloc        200000
__Lifardata          ifardata     00101C
__Linit              init         000800
__Lintcode           intcode      000800
__Lintcodelo         intcodelo    000800
__Lintentry          intentry     00101C
__Lintret            intret       00101C
__Lintsave_regs      intsave_regs 000100
__Lirdata            irdata       00101C
__Lmediumconst       mediumconst  00101C
__Lnvbit             nvbit        000000
__Lnvram             nvram        00101C
__Lnvrram            nvrram       000000
__Lparam             param0       0000CF
__Lparam0            param0       0000CF
__Lparam1            param1       00101C
__Lparam10           param10      00101C
__Lparam11           param11      00101C
__Lparam12           param12      00101C
__Lparam13           param13      00101C
__Lparam14           param14      00101C
__Lparam15           param15      00101C
__Lparam2            param2       00101C
__Lparam3            param3       00101C
__Lparam4            param4       00101C
__Lparam5            param5       00101C
__Lparam6            param6       00101C
__Lparam7            param7       00101C
__Lparam8            param8       00101C
__Lparam9            param9       00101C
__Lpowerup           powerup      000800
__Lramtop            ramtop       001000
__Lrbit              rbit         000000
__Lrbss              rbss         000000
__Lrdata             rdata        000000
__Lreset_vec         reset_vec    000800
__Lrparam            rparam       00101C
__Lsmallconst        smallconst   001000
__Lstruct            struct       000000
__Ltemp              temp         000000
__Ltext              text         00101C
__Ltext0             text0        00101C
__Ltext1             text1        00101C
__Ltext10            text10       00101C
__Ltext11            text11       00101C
__Ltext12            text12       00101C
__Ltext13            text13       00101C
__Ltext14            text14       00101C
__Ltext15            text15       00101C
__Ltext16            text16       00101C
__Ltext17            text17       00101C
__Ltext18            text18       00101C
__Ltext2             text2        00101C
__Ltext3             text3        00101C
__Ltext4             text4        00101C
__Ltext5             text5        00101C
__Ltext6             text6        00101C
__Ltext7             text7        00101C
__Ltext8             text8        00101C
__Ltext9             text9        00101C
__S0                 (abs)        F00000
__S1                 (abs)        000F00
___aldiv             text10       0018BA
___aldiv@counter     param0       0000F9
___aldiv@dividend    param0       0000F1
___aldiv@divisor     param0       0000F5
___aldiv@quotient    param0       0000FB
___aldiv@sign        param0       0000FA
___almod             text12       001D94
___almod@counter     param0       0000FA
___almod@dividend    param0       0000F1
___almod@divisor     param0       0000F5
___almod@sign        param0       0000F9
___ftadd             text4        001580
___ftadd@cntr        param0       0000E6
___ftadd@exp1        param0       0000E9
___ftadd@exp2        param0       0000E8
___ftadd@f1          param0       0000DF
___ftadd@f2          param0       0000E2
___ftadd@sign1       param0       0000E7
___ftadd@sign2       param0       0000E5
___ftdiv             text1        001A7E
___ftdiv@exp1        param0       0000E7
___ftdiv@exp2        param0       0000E5
___ftdiv@f1          param0       0000DF
___ftdiv@f2          param0       0000E2
___ftdiv@f3          param0       0000E9
___ftdiv@sign1       param0       0000E6
___ftdiv@sign2       param0       0000E8
___ftpack            text13       002060
___ftpack@arg        param0       0000ED
___ftpack@exp        param0       0000EF
___fttol             text7        001F1C
___fttol@exp1        param0       0000E4
___fttol@f1          param0       0000DF
___fttol@lval        param0       0000E5
___fttol@sign1       param0       0000E3
___ftunpack          text15       00219E
___ftunpack@arg      param0       0000ED
___ftunpack@exp      param0       0000EF
___ftunpack@sign     param0       0000F1
___lwtoft            text2        0023DC
___lwtoft@c          param0       0000DF
___lwtoft@f1         param0       0000E2
___wmul              text6        0024C2
___wmul@multiplicand param0       0000E1
___wmul@multiplier   param0       0000DF
___wmul@product      param0       0000E3
__accesstop          (abs)        000080
__activetblptr       (abs)        000003
__end_of_A2D_Read    text3        0024C2
__end_of_LCD_Init    text8        0022DA
__end_of_LCD_Inst    text11       002576
__end_of_LCD_Move    text9        00235E
__end_of_LCD_Out     text5        001D94
__end_of_LCD_Pause   text18       0025E8
__end_of_LCD_Strobe  text16       0025FC
__end_of_LCD_Write   text14       0025B2
__end_of_Wait_ms     text17       0023DC
__end_of___aldiv     text10       001A7E
__end_of___almod     text12       001F1C
__end_of___ftadd     text4        0018BA
__end_of___ftdiv     text1        001C0C
__end_of___ftpack    text13       00219E
__end_of___fttol     text7        002060
__end_of___ftunpack  text15       002248
__end_of___lwtoft    text2        002452
__end_of___wmul      text6        002528
__end_of_main        text0        001580
__mediumconst        mediumconst  00101C
__ramtop             ramtop       001000
__smallconst         smallconst   001000
_exit                init         000800
_main                text0        00101C
intlevel0            text         0025FC
intlevel1            text         0025FC
intlevel2            text         0025FC
intlevel3            text         0025FC
main@A2D             param0       0000D1
main@STEP            param0       0000D3
main@T               param0       0000CF
main@X               param0       0000D5
main@Y               param0       0000D7
main@Z               param0       0000D9
main@i               param0       0000DB
start                init         000800
